Archive member included to satisfy reference by file (symbol)

c:/program files (x86)/atmel/studio/7.0/toolchain/arm/arm-gnu-toolchain/bin/../lib/gcc/arm-none-eabi/6.3.1/thumb/v6-m\libgcc.a(_aeabi_uldivmod.o)
                              hpl/sercom/hpl_sercom.o (__aeabi_uldivmod)
c:/program files (x86)/atmel/studio/7.0/toolchain/arm/arm-gnu-toolchain/bin/../lib/gcc/arm-none-eabi/6.3.1/thumb/v6-m\libgcc.a(_muldi3.o)
                              hpl/sercom/hpl_sercom.o (__aeabi_lmul)
c:/program files (x86)/atmel/studio/7.0/toolchain/arm/arm-gnu-toolchain/bin/../lib/gcc/arm-none-eabi/6.3.1/thumb/v6-m\libgcc.a(_fixunsdfsi.o)
                              hpl/sercom/hpl_sercom.o (__aeabi_d2uiz)
c:/program files (x86)/atmel/studio/7.0/toolchain/arm/arm-gnu-toolchain/bin/../lib/gcc/arm-none-eabi/6.3.1/thumb/v6-m\libgcc.a(_udivmoddi4.o)
                              c:/program files (x86)/atmel/studio/7.0/toolchain/arm/arm-gnu-toolchain/bin/../lib/gcc/arm-none-eabi/6.3.1/thumb/v6-m\libgcc.a(_aeabi_uldivmod.o) (__udivmoddi4)
c:/program files (x86)/atmel/studio/7.0/toolchain/arm/arm-gnu-toolchain/bin/../lib/gcc/arm-none-eabi/6.3.1/thumb/v6-m\libgcc.a(divdf3.o)
                              hpl/sercom/hpl_sercom.o (__aeabi_ddiv)
c:/program files (x86)/atmel/studio/7.0/toolchain/arm/arm-gnu-toolchain/bin/../lib/gcc/arm-none-eabi/6.3.1/thumb/v6-m\libgcc.a(muldf3.o)
                              hpl/sercom/hpl_sercom.o (__aeabi_dmul)
c:/program files (x86)/atmel/studio/7.0/toolchain/arm/arm-gnu-toolchain/bin/../lib/gcc/arm-none-eabi/6.3.1/thumb/v6-m\libgcc.a(subdf3.o)
                              hpl/sercom/hpl_sercom.o (__aeabi_dsub)
c:/program files (x86)/atmel/studio/7.0/toolchain/arm/arm-gnu-toolchain/bin/../lib/gcc/arm-none-eabi/6.3.1/thumb/v6-m\libgcc.a(fixdfsi.o)
                              c:/program files (x86)/atmel/studio/7.0/toolchain/arm/arm-gnu-toolchain/bin/../lib/gcc/arm-none-eabi/6.3.1/thumb/v6-m\libgcc.a(_fixunsdfsi.o) (__aeabi_d2iz)
c:/program files (x86)/atmel/studio/7.0/toolchain/arm/arm-gnu-toolchain/bin/../lib/gcc/arm-none-eabi/6.3.1/thumb/v6-m\libgcc.a(floatsidf.o)
                              hpl/sercom/hpl_sercom.o (__aeabi_i2d)
c:/program files (x86)/atmel/studio/7.0/toolchain/arm/arm-gnu-toolchain/bin/../lib/gcc/arm-none-eabi/6.3.1/thumb/v6-m\libgcc.a(floatunsidf.o)
                              hpl/sercom/hpl_sercom.o (__aeabi_ui2d)
c:/program files (x86)/atmel/studio/7.0/toolchain/arm/arm-gnu-toolchain/bin/../lib/gcc/arm-none-eabi/6.3.1/thumb/v6-m\libgcc.a(_dvmd_tls.o)
                              c:/program files (x86)/atmel/studio/7.0/toolchain/arm/arm-gnu-toolchain/bin/../lib/gcc/arm-none-eabi/6.3.1/thumb/v6-m\libgcc.a(_aeabi_uldivmod.o) (__aeabi_ldiv0)
c:/program files (x86)/atmel/studio/7.0/toolchain/arm/arm-gnu-toolchain/bin/../lib/gcc/arm-none-eabi/6.3.1/thumb/v6-m\libgcc.a(_arm_cmpdf2.o)
                              c:/program files (x86)/atmel/studio/7.0/toolchain/arm/arm-gnu-toolchain/bin/../lib/gcc/arm-none-eabi/6.3.1/thumb/v6-m\libgcc.a(_fixunsdfsi.o) (__aeabi_dcmpge)
c:/program files (x86)/atmel/studio/7.0/toolchain/arm/arm-gnu-toolchain/bin/../lib/gcc/arm-none-eabi/6.3.1/thumb/v6-m\libgcc.a(_clzsi2.o)
                              c:/program files (x86)/atmel/studio/7.0/toolchain/arm/arm-gnu-toolchain/bin/../lib/gcc/arm-none-eabi/6.3.1/thumb/v6-m\libgcc.a(divdf3.o) (__clzsi2)
c:/program files (x86)/atmel/studio/7.0/toolchain/arm/arm-gnu-toolchain/bin/../lib/gcc/arm-none-eabi/6.3.1/thumb/v6-m\libgcc.a(_clzdi2.o)
                              c:/program files (x86)/atmel/studio/7.0/toolchain/arm/arm-gnu-toolchain/bin/../lib/gcc/arm-none-eabi/6.3.1/thumb/v6-m\libgcc.a(_udivmoddi4.o) (__clzdi2)
c:/program files (x86)/atmel/studio/7.0/toolchain/arm/arm-gnu-toolchain/bin/../lib/gcc/arm-none-eabi/6.3.1/thumb/v6-m\libgcc.a(eqdf2.o)
                              c:/program files (x86)/atmel/studio/7.0/toolchain/arm/arm-gnu-toolchain/bin/../lib/gcc/arm-none-eabi/6.3.1/thumb/v6-m\libgcc.a(_arm_cmpdf2.o) (__eqdf2)
c:/program files (x86)/atmel/studio/7.0/toolchain/arm/arm-gnu-toolchain/bin/../lib/gcc/arm-none-eabi/6.3.1/thumb/v6-m\libgcc.a(gedf2.o)
                              c:/program files (x86)/atmel/studio/7.0/toolchain/arm/arm-gnu-toolchain/bin/../lib/gcc/arm-none-eabi/6.3.1/thumb/v6-m\libgcc.a(_arm_cmpdf2.o) (__gedf2)
c:/program files (x86)/atmel/studio/7.0/toolchain/arm/arm-gnu-toolchain/bin/../lib/gcc/arm-none-eabi/6.3.1/thumb/v6-m\libgcc.a(ledf2.o)
                              c:/program files (x86)/atmel/studio/7.0/toolchain/arm/arm-gnu-toolchain/bin/../lib/gcc/arm-none-eabi/6.3.1/thumb/v6-m\libgcc.a(_arm_cmpdf2.o) (__ledf2)
c:/program files (x86)/atmel/studio/7.0/toolchain/arm/arm-gnu-toolchain/bin/../lib/gcc/arm-none-eabi/6.3.1/../../../../arm-none-eabi/lib/thumb/v6-m\libc_nano.a(lib_a-exit.o)
[...]
Memory Configuration

Name             Origin             Length             Attributes
rom              0x00000000         0x00040000         xr
ram              0x20000000         0x00008000         xrw
*default*        0x00000000         0xffffffff

Linker script and memory map

LOAD c:/program files (x86)/atmel/studio/7.0/toolchain/arm/arm-gnu-toolchain/bin/../lib/gcc/arm-none-eabi/6.3.1/thumb/v6-m/crti.o
LOAD c:/program files (x86)/atmel/studio/7.0/toolchain/arm/arm-gnu-toolchain/bin/../lib/gcc/arm-none-eabi/6.3.1/thumb/v6-m/crtbegin.o
LOAD c:/program files (x86)/atmel/studio/7.0/toolchain/arm/arm-gnu-toolchain/bin/../lib/gcc/arm-none-eabi/6.3.1/../../../../arm-none-eabi/lib/thumb/v6-m/crt0.o
LOAD atmel_start.o
LOAD boot.o
LOAD Device_Startup/startup_samc21.o
LOAD Device_Startup/system_samc21.o
LOAD driver_init.o
LOAD edbg_uart_example.o
LOAD examples/driver_examples.o
LOAD hal/src/hal_atomic.o
LOAD hal/src/hal_delay.o
LOAD hal/src/hal_flash.o
LOAD hal/src/hal_gpio.o
LOAD hal/src/hal_init.o
LOAD hal/src/hal_io.o
LOAD hal/src/hal_sleep.o
LOAD hal/src/hal_usart_sync.o
LOAD hal/utils/src/utils_assert.o
LOAD hal/utils/src/utils_event.o
LOAD hal/utils/src/utils_list.o
LOAD hal/utils/src/utils_syscalls.o
LOAD hpl/core/hpl_core_m0plus_base.o
LOAD hpl/core/hpl_init.o
LOAD hpl/divas/hpl_divas.o
LOAD hpl/dmac/hpl_dmac.o
LOAD hpl/gclk/hpl_gclk.o
LOAD hpl/mclk/hpl_mclk.o
LOAD hpl/nvmctrl/hpl_nvmctrl.o
LOAD hpl/osc32kctrl/hpl_osc32kctrl.o
LOAD hpl/oscctrl/hpl_oscctrl.o
LOAD hpl/pm/hpl_pm.o
LOAD hpl/sercom/hpl_sercom.o
START GROUP
LOAD c:/program files (x86)/atmel/studio/7.0/toolchain/arm/arm-gnu-toolchain/bin/../lib/gcc/arm-none-eabi/6.3.1/../../../../arm-none-eabi/lib/thumb/v6-m\libm.a
END GROUP
START GROUP
LOAD c:/program files (x86)/atmel/studio/7.0/toolchain/arm/arm-gnu-toolchain/bin/../lib/gcc/arm-none-eabi/6.3.1/thumb/v6-m\libgcc.a
LOAD c:/program files (x86)/atmel/studio/7.0/toolchain/arm/arm-gnu-toolchain/bin/../lib/gcc/arm-none-eabi/6.3.1/../../../../arm-none-eabi/lib/thumb/v6-m\libc_nano.a
END GROUP
START GROUP
LOAD c:/program files (x86)/atmel/studio/7.0/toolchain/arm/arm-gnu-toolchain/bin/../lib/gcc/arm-none-eabi/6.3.1/thumb/v6-m\libgcc.a
LOAD c:/program files (x86)/atmel/studio/7.0/toolchain/arm/arm-gnu-toolchain/bin/../lib/gcc/arm-none-eabi/6.3.1/../../../../arm-none-eabi/lib/thumb/v6-m\libc_nano.a
END GROUP
LOAD c:/program files (x86)/atmel/studio/7.0/toolchain/arm/arm-gnu-toolchain/bin/../lib/gcc/arm-none-eabi/6.3.1/thumb/v6-m/crtend.o
LOAD c:/program files (x86)/atmel/studio/7.0/toolchain/arm/arm-gnu-toolchain/bin/../lib/gcc/arm-none-eabi/6.3.1/thumb/v6-m/crtn.o
                0x00002000                STACK_SIZE = DEFINED (STACK_SIZE)?STACK_SIZE:DEFINED (__stack_size__)?__stack_size__:0x2000

.text           0x00000000     0x1654
                0x00000000                . = ALIGN (0x4)
                0x00000000                _sfixed = .
 *(.vectors .vectors.*)
 .vectors       0x00000000       0xbc Device_Startup/startup_samc21.o
                0x00000000                exception_table
 *(.text .text.* .gnu.linkonce.t.*)
 .text          0x000000bc       0x60 c:/program files (x86)/atmel/studio/7.0/toolchain/arm/arm-gnu-toolchain/bin/../lib/gcc/arm-none-eabi/6.3.1/thumb/v6-m/crtbegin.o
 .text.atmel_start_init
                0x0000011c        0xc atmel_start.o
                0x0000011c                atmel_start_init
 .text.sum32    0x00000128       0x20 boot.o
                0x00000128                sum32
 .text.err_encode
                0x00000148       0x30 boot.o
                0x00000148                err_encode
 .text.bl_get_id_encode
                0x00000178       0x2c boot.o
                0x00000178                bl_get_id_encode
 .text.bl_mem_erase_ack_encode
                0x000001a4       0x30 boot.o
                0x000001a4                bl_mem_erase_ack_encode
 .text.bl_mem_write_encode
                0x000001d4       0x34 boot.o
                0x000001d4                bl_mem_write_encode
 .text.bl_mem_write_ack_encode
                0x00000208       0x30 boot.o
                0x00000208                bl_mem_write_ack_encode
 .text.bl_mem_read_encode
                0x00000238       0x2c boot.o
                0x00000238                bl_mem_read_encode
 .text.bl_verify_encode
                0x00000264       0x2c boot.o
                0x00000264                bl_verify_encode
 .text.Dummy_Handler
                0x00000290        0x2 Device_Startup/startup_samc21.o
                0x00000290                SVCall_Handler
                0x00000290                DMAC_Handler
                0x00000290                HardFault_Handler
                0x00000290                TC2_Handler
                0x00000290                AC_Handler
                0x00000290                SysTick_Handler
                0x00000290                PendSV_Handler
                0x00000290                SERCOM1_Handler
                0x00000290                NonMaskableInt_Handler
                0x00000290                TCC1_Handler
                0x00000290                SERCOM2_Handler
                0x00000290                TCC0_Handler
                0x00000290                RTC_Handler
                0x00000290                ADC1_Handler
                0x00000290                EIC_Handler
                0x00000290                WDT_Handler
                0x00000290                CAN0_Handler
                0x00000290                TC4_Handler
                0x00000290                TC1_Handler
                0x00000290                TC3_Handler
                0x00000290                SDADC_Handler
                0x00000290                Dummy_Handler
                0x00000290                SERCOM5_Handler
                0x00000290                CAN1_Handler
                0x00000290                ADC0_Handler
                0x00000290                TSENS_Handler
                0x00000290                TCC2_Handler
                0x00000290                EVSYS_Handler
                0x00000290                SERCOM3_Handler
                0x00000290                SERCOM4_Handler
                0x00000290                SYSTEM_Handler
                0x00000290                SERCOM0_Handler
                0x00000290                DAC_Handler
                0x00000290                PTC_Handler
                0x00000290                FREQM_Handler
                0x00000290                TC0_Handler
 *fill*         0x00000292        0x2 
 .text.Reset_Handler
                0x00000294       0x88 Device_Startup/startup_samc21.o
                0x00000294                Reset_Handler
 .text.FLASH_0_CLOCK_init
                0x0000031c       0x10 driver_init.o
                0x0000031c                FLASH_0_CLOCK_init
 .text.FLASH_0_init
                0x0000032c       0x20 driver_init.o
                0x0000032c                FLASH_0_init
 .text.EDBG_COM_PORT_init
                0x0000034c       0x40 driver_init.o
                0x0000034c                EDBG_COM_PORT_init
 .text.EDBG_COM_CLOCK_init
                0x0000038c       0x24 driver_init.o
                0x0000038c                EDBG_COM_CLOCK_init
 .text.EDBG_COM_init
                0x000003b0       0x2c driver_init.o
                0x000003b0                EDBG_COM_init
 .text.system_init
                0x000003dc       0x70 driver_init.o
                0x000003dc                system_init
 .text._gpio_get_level
                0x0000044c       0x40 edbg_uart_example.o
 .text.uart_send
                0x0000048c       0x38 edbg_uart_example.o
                0x0000048c                uart_send
 .text.jump_to_application
                0x000004c4       0x1c edbg_uart_example.o
                0x000004c4                jump_to_application
 .text.bootloader_handle_jump_to_address
                0x000004e0       0x58 edbg_uart_example.o
                0x000004e0                bootloader_handle_jump_to_address
 .text.bootloader_handle_getver_cmd
                0x00000538       0x30 edbg_uart_example.o
                0x00000538                bootloader_handle_getver_cmd
 .text.bootloader_handle_getcid_cmd
                0x00000568       0x28 edbg_uart_example.o
                0x00000568                bootloader_handle_getcid_cmd
 .text.bootloader_handle_mem_read_cmd
                0x00000590       0xb8 edbg_uart_example.o
                0x00000590                bootloader_handle_mem_read_cmd
 .text.bootloader_handle_mem_write_cmd
                0x00000648       0x84 edbg_uart_example.o
                0x00000648                bootloader_handle_mem_write_cmd
 .text.bootloader_flash_erase_cmd
                0x000006cc       0x54 edbg_uart_example.o
                0x000006cc                bootloader_flash_erase_cmd
 .text.bootloader_handle_reset_cmd
                0x00000720       0x10 edbg_uart_example.o
                0x00000720                bootloader_handle_reset_cmd
 .text.message_decode
                0x00000730      0x288 edbg_uart_example.o
                0x00000730                message_decode
 .text.packet_parser
                0x000009b8       0xb0 edbg_uart_example.o
                0x000009b8                packet_parser
 .text.main     0x00000a68      0x1c4 edbg_uart_example.o
                0x00000a68                main
 .text.atomic_enter_critical
                0x00000c2c        0xe hal/src/hal_atomic.o
                0x00000c2c                atomic_enter_critical
 .text.atomic_leave_critical
                0x00000c3a        0xc hal/src/hal_atomic.o
                0x00000c3a                atomic_leave_critical
 *fill*         0x00000c46        0x2 
 .text.delay_ms
                0x00000c48       0x20 hal/src/hal_delay.o
                0x00000c48                delay_ms
 .text.flash_ready
                0x00000c68        0xc hal/src/hal_flash.o
 .text.flash_error
                0x00000c74        0xc hal/src/hal_flash.o
 .text.flash_init
                0x00000c80       0x48 hal/src/hal_flash.o
                0x00000c80                flash_init
 .text.flash_read
                0x00000cc8       0xa8 hal/src/hal_flash.o
                0x00000cc8                flash_read
 .text.flash_write
                0x00000d70       0xc0 hal/src/hal_flash.o
                0x00000d70                flash_write
 .text.flash_get_page_size
                0x00000e30       0x28 hal/src/hal_flash.o
                0x00000e30                flash_get_page_size
 .text.io_write
                0x00000e58       0x34 hal/src/hal_io.o
                0x00000e58                io_write
 .text.usart_sync_write
                0x00000e8c       0x7c hal/src/hal_usart_sync.o
 .text.usart_sync_read
                0x00000f08       0x68 hal/src/hal_usart_sync.o
 .text.usart_sync_init
                0x00000f70       0x4c hal/src/hal_usart_sync.o
                0x00000f70                usart_sync_init
 .text.usart_sync_enable
                0x00000fbc       0x2c hal/src/hal_usart_sync.o
                0x00000fbc                usart_sync_enable
 .text.usart_sync_get_io_descriptor
                0x00000fe8       0x2c hal/src/hal_usart_sync.o
                0x00000fe8                usart_sync_get_io_descriptor
 .text.assert   0x00001014        0x8 hal/utils/src/utils_assert.o
                0x00001014                assert
 .text._get_cycles_for_ms
                0x0000101c       0x1c hpl/core/hpl_core_m0plus_base.o
                0x0000101c                _get_cycles_for_ms
 .text._delay_cycles
                0x00001038        0x6 hpl/core/hpl_core_m0plus_base.o
                0x00001038                _delay_cycles
 *fill*         0x0000103e        0x2 
 .text._init_chip
                0x00001040       0x40 hpl/core/hpl_init.o
                0x00001040                _init_chip
 .text._div_init
                0x00001080        0xe hpl/divas/hpl_divas.o
                0x00001080                _div_init
 .text.__aeabi_uidiv
                0x0000108e       0x34 hpl/divas/hpl_divas.o
                0x0000108e                __aeabi_uidiv
 *fill*         0x000010c2        0x2 
 .text._gclk_init_generators_by_fref
                0x000010c4       0x24 hpl/gclk/hpl_gclk.o
                0x000010c4                _gclk_init_generators_by_fref
 .text._mclk_init
                0x000010e8        0xc hpl/mclk/hpl_mclk.o
                0x000010e8                _mclk_init
 .text._flash_program
                0x000010f4       0x8c hpl/nvmctrl/hpl_nvmctrl.o
 .text._flash_init
                0x00001180       0x60 hpl/nvmctrl/hpl_nvmctrl.o
                0x00001180                _flash_init
 .text._flash_get_page_size
                0x000011e0        0x4 hpl/nvmctrl/hpl_nvmctrl.o
                0x000011e0                _flash_get_page_size
 .text._flash_get_total_pages
                0x000011e4        0x6 hpl/nvmctrl/hpl_nvmctrl.o
                0x000011e4                _flash_get_total_pages
 .text._flash_read
                0x000011ea       0x50 hpl/nvmctrl/hpl_nvmctrl.o
                0x000011ea                _flash_read
 *fill*         0x0000123a        0x2 
 .text._flash_write
                0x0000123c      0x11c hpl/nvmctrl/hpl_nvmctrl.o
                0x0000123c                _flash_write
 .text._flash_is_locked
                0x00001358       0x16 hpl/nvmctrl/hpl_nvmctrl.o
                0x00001358                _flash_is_locked
 *fill*         0x0000136e        0x2 
 .text.NVMCTRL_Handler
                0x00001370       0x30 hpl/nvmctrl/hpl_nvmctrl.o
                0x00001370                NVMCTRL_Handler
 .text._osc32kctrl_init_sources
                0x000013a0       0x18 hpl/osc32kctrl/hpl_osc32kctrl.o
                0x000013a0                _osc32kctrl_init_sources
 .text._oscctrl_init_sources
                0x000013b8       0x40 hpl/oscctrl/hpl_oscctrl.o
                0x000013b8                _oscctrl_init_sources
 .text._oscctrl_init_referenced_generators
                0x000013f8        0x2 hpl/oscctrl/hpl_oscctrl.o
                0x000013f8                _oscctrl_init_referenced_generators
 *fill*         0x000013fa        0x2 
 .text._usart_init
                0x000013fc       0x9c hpl/sercom/hpl_sercom.o
 .text._usart_sync_init
                0x00001498       0x2c hpl/sercom/hpl_sercom.o
                0x00001498                _usart_sync_init
 .text._usart_sync_enable
                0x000014c4       0x14 hpl/sercom/hpl_sercom.o
                0x000014c4                _usart_sync_enable
 .text._usart_sync_write_byte
                0x000014d8        0x8 hpl/sercom/hpl_sercom.o
                0x000014d8                _usart_sync_write_byte
 .text._usart_sync_read_byte
                0x000014e0        0x8 hpl/sercom/hpl_sercom.o
                0x000014e0                _usart_sync_read_byte
 .text._usart_sync_is_ready_to_send
                0x000014e8        0xa hpl/sercom/hpl_sercom.o
                0x000014e8                _usart_sync_is_ready_to_send
 .text._usart_sync_is_transmit_done
                0x000014f2        0xa hpl/sercom/hpl_sercom.o
                0x000014f2                _usart_sync_is_transmit_done
 .text._usart_sync_is_byte_received
                0x000014fc        0xa hpl/sercom/hpl_sercom.o
                0x000014fc                _usart_sync_is_byte_received
 *fill*         0x00001506        0x2 
 .text.__libc_init_array
                0x00001508       0x48 c:/program files (x86)/atmel/studio/7.0/toolchain/arm/arm-gnu-toolchain/bin/../lib/gcc/arm-none-eabi/6.3.1/../../../../arm-none-eabi/lib/thumb/v6-m\libc_nano.a(lib_a-init.o)
                0x00001508                __libc_init_array
 .text.memcpy   0x00001550       0x12 c:/program files (x86)/atmel/studio/7.0/toolchain/arm/arm-gnu-toolchain/bin/../lib/gcc/arm-none-eabi/6.3.1/../../../../arm-none-eabi/lib/thumb/v6-m\libc_nano.a(lib_a-memcpy-stub.o)
                0x00001550                memcpy
 .text.memset   0x00001562       0x10 c:/program files (x86)/atmel/studio/7.0/toolchain/arm/arm-gnu-toolchain/bin/../lib/gcc/arm-none-eabi/6.3.1/../../../../arm-none-eabi/lib/thumb/v6-m\libc_nano.a(lib_a-memset.o)
                0x00001562                memset
 *(.glue_7t)
 .glue_7t       0x00001572        0x0 linker stubs
 *(.glue_7)
 .glue_7        0x00001572        0x0 linker stubs
 *(.rodata .rodata* .gnu.linkonce.r.*)
 *fill*         0x00001572        0x2 
 .rodata        0x00001574       0x3c edbg_uart_example.o
 .rodata.str1.4
                0x000015b0       0x17 hal/src/hal_flash.o
 *fill*         0x000015c7        0x1 
 .rodata.str1.4
                0x000015c8       0x14 hal/src/hal_io.o
 .rodata.str1.4
                0x000015dc       0x1c hal/src/hal_usart_sync.o
 .rodata.str1.4
                0x000015f8       0x1d hpl/nvmctrl/hpl_nvmctrl.o
 *fill*         0x00001615        0x3 
 .rodata.str1.4
                0x00001618       0x1c hpl/sercom/hpl_sercom.o
                                 0x1b (size before relaxing)
 *(.ARM.extab* .gnu.linkonce.armextab.*)
                0x00001634                . = ALIGN (0x4)
 *(.init)
 .init          0x00001634        0x4 c:/program files (x86)/atmel/studio/7.0/toolchain/arm/arm-gnu-toolchain/bin/../lib/gcc/arm-none-eabi/6.3.1/thumb/v6-m/crti.o
                0x00001634                _init
 .init          0x00001638        0x8 c:/program files (x86)/atmel/studio/7.0/toolchain/arm/arm-gnu-toolchain/bin/../lib/gcc/arm-none-eabi/6.3.1/thumb/v6-m/crtn.o
                0x00001640                . = ALIGN (0x4)
                0x00001640                __preinit_array_start = .
 *(.preinit_array)
                0x00001640                __preinit_array_end = .
                0x00001640                . = ALIGN (0x4)
                0x00001640                __init_array_start = .
 *(SORT(.init_array.*))
 *(.init_array)
 .init_array    0x00001640        0x4 c:/program files (x86)/atmel/studio/7.0/toolchain/arm/arm-gnu-toolchain/bin/../lib/gcc/arm-none-eabi/6.3.1/thumb/v6-m/crtbegin.o
                0x00001644                __init_array_end = .
                0x00001644                . = ALIGN (0x4)
 *crtbegin.o(.ctors)
 *(EXCLUDE_FILE(*crtend.o) .ctors)
 *(SORT(.ctors.*))
 *crtend.o(.ctors)
                0x00001644                . = ALIGN (0x4)
 *(.fini)
 .fini          0x00001644        0x4 c:/program files (x86)/atmel/studio/7.0/toolchain/arm/arm-gnu-toolchain/bin/../lib/gcc/arm-none-eabi/6.3.1/thumb/v6-m/crti.o
                0x00001644                _fini
 .fini          0x00001648        0x8 c:/program files (x86)/atmel/studio/7.0/toolchain/arm/arm-gnu-toolchain/bin/../lib/gcc/arm-none-eabi/6.3.1/thumb/v6-m/crtn.o
                0x00001650                . = ALIGN (0x4)
                0x00001650                __fini_array_start = .
 *(.fini_array)
 .fini_array    0x00001650        0x4 c:/program files (x86)/atmel/studio/7.0/toolchain/arm/arm-gnu-toolchain/bin/../lib/gcc/arm-none-eabi/6.3.1/thumb/v6-m/crtbegin.o
 *(SORT(.fini_array.*))
                0x00001654                __fini_array_end = .
 *crtbegin.o(.dtors)
 *(EXCLUDE_FILE(*crtend.o) .dtors)
 *(SORT(.dtors.*))
 *crtend.o(.dtors)
                0x00001654                . = ALIGN (0x4)
                0x00001654                _efixed = .
                [!provide]                PROVIDE (__exidx_start, .)

.vfp11_veneer   0x00001654        0x0
 .vfp11_veneer  0x00001654        0x0 linker stubs

.v4_bx          0x00001654        0x0
 .v4_bx         0x00001654        0x0 linker stubs

.iplt           0x00001654        0x0
 .iplt          0x00001654        0x0 c:/program files (x86)/atmel/studio/7.0/toolchain/arm/arm-gnu-toolchain/bin/../lib/gcc/arm-none-eabi/6.3.1/thumb/v6-m/crtbegin.o

.eh_frame       0x00001654        0x0
 .eh_frame      0x00001654        0x0 c:/program files (x86)/atmel/studio/7.0/toolchain/arm/arm-gnu-toolchain/bin/../lib/gcc/arm-none-eabi/6.3.1/thumb/v6-m/crtbegin.o

.rel.dyn        0x00001654        0x0
 .rel.iplt      0x00001654        0x0 c:/program files (x86)/atmel/studio/7.0/toolchain/arm/arm-gnu-toolchain/bin/../lib/gcc/arm-none-eabi/6.3.1/thumb/v6-m/crtbegin.o

.jcr            0x00001654        0x0
 .jcr           0x00001654        0x0 c:/program files (x86)/atmel/studio/7.0/toolchain/arm/arm-gnu-toolchain/bin/../lib/gcc/arm-none-eabi/6.3.1/thumb/v6-m/crtbegin.o

.igot.plt       0x00001654        0x0
 .igot.plt      0x00001654        0x0 c:/program files (x86)/atmel/studio/7.0/toolchain/arm/arm-gnu-toolchain/bin/../lib/gcc/arm-none-eabi/6.3.1/thumb/v6-m/crtbegin.o

.ARM.exidx
 *(.ARM.exidx* .gnu.linkonce.armexidx.*)
                [!provide]                PROVIDE (__exidx_end, .)
                0x00001654                . = ALIGN (0x4)
                0x00001654                _etext = .

.relocate       0x20000000        0x0 load address 0x00001654
                0x20000000                . = ALIGN (0x4)
                0x20000000                _srelocate = .
 *(.ramfunc .ramfunc.*)
 *(.data .data.*)
                0x20000000                . = ALIGN (0x4)
                0x20000000                _erelocate = .

.bss            0x20000000      0x39c
                0x20000000                . = ALIGN (0x4)
                0x20000000                _sbss = .
                0x20000000                _szero = .
 *(.bss .bss.*)
 .bss           0x20000000       0x1c c:/program files (x86)/atmel/studio/7.0/toolchain/arm/arm-gnu-toolchain/bin/../lib/gcc/arm-none-eabi/6.3.1/thumb/v6-m/crtbegin.o
 .bss           0x2000001c        0x4 hal/src/hal_delay.o
 .bss           0x20000020        0x4 hpl/nvmctrl/hpl_nvmctrl.o
 *(COMMON)
 COMMON         0x20000024       0x28 driver_init.o
                0x20000024                FLASH_0
                0x20000040                EDBG_COM
 COMMON         0x2000004c      0x34d edbg_uart_example.o
                0x2000004c                ps
                0x20000050                get_ver_cmd
                0x20000058                verify_cmd
                0x2000006c                get_id_cmd
                0x20000073                msg_id
                0x20000074                head
                0x20000078                jump_app_cmd
                0x20000084                data
                0x2000014c                mem_read_cmd
                0x2000015c                reset_cmd
                0x20000164                flash_read_buf
                0x2000022c                sp
                0x20000230                buf
                0x20000234                mem_write_cmd
                0x200002c0                mem_erase_cmd
                0x200002d0                test_data
                0x20000398                pin_mode
                0x2000039c                . = ALIGN (0x4)
 *fill*         0x20000399        0x3 
                0x2000039c                _ebss = .
                0x2000039c                _ezero = .

.stack          0x2000039c     0x2004
                0x200003a0                . = ALIGN (0x8)
 *fill*         0x2000039c        0x4 
                0x200003a0                _sstack = .
                0x200023a0                . = (. + STACK_SIZE)
 *fill*         0x200003a0     0x2000 
                0x200023a0                . = ALIGN (0x8)
                0x200023a0                _estack = .
                0x200023a0                . = ALIGN (0x4)
                0x200023a0                _end = .
OUTPUT(newbl.elf elf32-littlearm)

.ARM.attributes
                0x00000000       0x28
 .ARM.attributes
                0x00000000       0x1e c:/program files (x86)/atmel/studio/7.0/toolchain/arm/arm-gnu-toolchain/bin/../lib/gcc/arm-none-eabi/6.3.1/thumb/v6-m/crti.o
 .ARM.attributes
                0x0000001e       0x2c c:/program files (x86)/atmel/studio/7.0/toolchain/arm/arm-gnu-toolchain/bin/../lib/gcc/arm-none-eabi/6.3.1/thumb/v6-m/crtbegin.o
 .ARM.attributes
                0x0000004a       0x32 atmel_start.o
 .ARM.attributes
                0x0000007c       0x32 boot.o
 .ARM.attributes
                0x000000ae       0x32 Device_Startup/startup_samc21.o
 .ARM.attributes
                0x000000e0       0x32 driver_init.o
 .ARM.attributes
                0x00000112       0x32 edbg_uart_example.o
 .ARM.attributes
                0x00000144       0x32 hal/src/hal_atomic.o
 .ARM.attributes
                0x00000176       0x32 hal/src/hal_delay.o
 .ARM.attributes
                0x000001a8       0x32 hal/src/hal_flash.o
 .ARM.attributes
                0x000001da       0x32 hal/src/hal_io.o
 .ARM.attributes
                0x0000020c       0x32 hal/src/hal_usart_sync.o
 .ARM.attributes
                0x0000023e       0x32 hal/utils/src/utils_assert.o
 .ARM.attributes
                0x00000270       0x32 hpl/core/hpl_core_m0plus_base.o
 .ARM.attributes
                0x000002a2       0x32 hpl/core/hpl_init.o
 .ARM.attributes
                0x000002d4       0x32 hpl/divas/hpl_divas.o
 .ARM.attributes
                0x00000306       0x32 hpl/gclk/hpl_gclk.o
 .ARM.attributes
                0x00000338       0x32 hpl/mclk/hpl_mclk.o
 .ARM.attributes
                0x0000036a       0x32 hpl/nvmctrl/hpl_nvmctrl.o
 .ARM.attributes
                0x0000039c       0x32 hpl/osc32kctrl/hpl_osc32kctrl.o
 .ARM.attributes
                0x000003ce       0x32 hpl/oscctrl/hpl_oscctrl.o
 .ARM.attributes
                0x00000400       0x32 hpl/sercom/hpl_sercom.o
 .ARM.attributes
                0x00000432       0x2c c:/program files (x86)/atmel/studio/7.0/toolchain/arm/arm-gnu-toolchain/bin/../lib/gcc/arm-none-eabi/6.3.1/../../../../arm-none-eabi/lib/thumb/v6-m\libc_nano.a(lib_a-init.o)
 .ARM.attributes
                0x0000045e       0x2c c:/program files (x86)/atmel/studio/7.0/toolchain/arm/arm-gnu-toolchain/bin/../lib/gcc/arm-none-eabi/6.3.1/../../../../arm-none-eabi/lib/thumb/v6-m\libc_nano.a(lib_a-memcpy-stub.o)
 .ARM.attributes
                0x0000048a       0x2c c:/program files (x86)/atmel/studio/7.0/toolchain/arm/arm-gnu-toolchain/bin/../lib/gcc/arm-none-eabi/6.3.1/../../../../arm-none-eabi/lib/thumb/v6-m\libc_nano.a(lib_a-memset.o)
 .ARM.attributes
                0x000004b6       0x1e c:/program files (x86)/atmel/studio/7.0/toolchain/arm/arm-gnu-toolchain/bin/../lib/gcc/arm-none-eabi/6.3.1/thumb/v6-m/crtn.o

.comment        0x00000000       0x59
 .comment       0x00000000       0x59 atmel_start.o
                                 0x5a (size before relaxing)
 .comment       0x00000059       0x5a boot.o
 .comment       0x00000059       0x5a Device_Startup/startup_samc21.o
 .comment       0x00000059       0x5a driver_init.o
 .comment       0x00000059       0x5a edbg_uart_example.o
 .comment       0x00000059       0x5a hal/src/hal_atomic.o
 .comment       0x00000059       0x5a hal/src/hal_delay.o
 .comment       0x00000059       0x5a hal/src/hal_flash.o
 .comment       0x00000059       0x5a hal/src/hal_io.o
 .comment       0x00000059       0x5a hal/src/hal_usart_sync.o
 .comment       0x00000059       0x5a hal/utils/src/utils_assert.o
 .comment       0x00000059       0x5a hpl/core/hpl_core_m0plus_base.o
 .comment       0x00000059       0x5a hpl/core/hpl_init.o
 .comment       0x00000059       0x5a hpl/divas/hpl_divas.o
 .comment       0x00000059       0x5a hpl/gclk/hpl_gclk.o
 .comment       0x00000059       0x5a hpl/mclk/hpl_mclk.o
 .comment       0x00000059       0x5a hpl/nvmctrl/hpl_nvmctrl.o
 .comment       0x00000059       0x5a hpl/osc32kctrl/hpl_osc32kctrl.o
 .comment       0x00000059       0x5a hpl/oscctrl/hpl_oscctrl.o
 .comment       0x00000059       0x5a hpl/sercom/hpl_sercom.o

.debug_info     0x00000000    0x1d002
 .debug_info    0x00000000      0x345 atmel_start.o
 .debug_info    0x00000345     0x1b18 boot.o
 .debug_info    0x00001e5d      0x523 Device_Startup/startup_samc21.o
 .debug_info    0x00002380     0x42b2 driver_init.o
 .debug_info    0x00006632     0x2b2a edbg_uart_example.o
 .debug_info    0x0000915c      0x1d1 hal/src/hal_atomic.o
 .debug_info    0x0000932d      0x1dc hal/src/hal_delay.o
 .debug_info    0x00009509      0xe3a hal/src/hal_flash.o
 .debug_info    0x0000a343      0x2b2 hal/src/hal_io.o
 .debug_info    0x0000a5f5      0xc56 hal/src/hal_usart_sync.o
 .debug_info    0x0000b24b      0x107 hal/utils/src/utils_assert.o
 .debug_info    0x0000b352      0x86b hpl/core/hpl_core_m0plus_base.o
 .debug_info    0x0000bbbd      0x75c hpl/core/hpl_init.o
 .debug_info    0x0000c319      0x854 hpl/divas/hpl_divas.o
 .debug_info    0x0000cb6d      0x582 hpl/gclk/hpl_gclk.o
 .debug_info    0x0000d0ef      0x7c2 hpl/mclk/hpl_mclk.o
 .debug_info    0x0000d8b1     0x2dc6 hpl/nvmctrl/hpl_nvmctrl.o
 .debug_info    0x00010677      0x770 hpl/osc32kctrl/hpl_osc32kctrl.o
 .debug_info    0x00010de7      0xdd6 hpl/oscctrl/hpl_oscctrl.o
 .debug_info    0x00011bbd     0xb445 hpl/sercom/hpl_sercom.o

.debug_abbrev   0x00000000     0x2e6f
 .debug_abbrev  0x00000000       0xe3 atmel_start.o
 .debug_abbrev  0x000000e3      0x29e boot.o
 .debug_abbrev  0x00000381      0x14f Device_Startup/startup_samc21.o
 .debug_abbrev  0x000004d0      0x34e driver_init.o
 .debug_abbrev  0x0000081e      0x561 edbg_uart_example.o
 .debug_abbrev  0x00000d7f      0x144 hal/src/hal_atomic.o
 .debug_abbrev  0x00000ec3       0xe1 hal/src/hal_delay.o
 .debug_abbrev  0x00000fa4      0x1c5 hal/src/hal_flash.o
 .debug_abbrev  0x00001169      0x115 hal/src/hal_io.o
 .debug_abbrev  0x0000127e      0x217 hal/src/hal_usart_sync.o
 .debug_abbrev  0x00001495       0x86 hal/utils/src/utils_assert.o
 .debug_abbrev  0x0000151b      0x2cd hpl/core/hpl_core_m0plus_base.o
 .debug_abbrev  0x000017e8      0x1ce hpl/core/hpl_init.o
 .debug_abbrev  0x000019b6      0x232 hpl/divas/hpl_divas.o
 .debug_abbrev  0x00001be8      0x19a hpl/gclk/hpl_gclk.o
 .debug_abbrev  0x00001d82      0x1ac hpl/mclk/hpl_mclk.o
 .debug_abbrev  0x00001f2e      0x5d8 hpl/nvmctrl/hpl_nvmctrl.o
 .debug_abbrev  0x00002506      0x1d1 hpl/osc32kctrl/hpl_osc32kctrl.o
 .debug_abbrev  0x000026d7      0x209 hpl/oscctrl/hpl_oscctrl.o
 .debug_abbrev  0x000028e0      0x58f hpl/sercom/hpl_sercom.o

.debug_loc      0x00000000     0xf0fe
 .debug_loc     0x00000000       0x20 atmel_start.o
 .debug_loc     0x00000020     0x1c54 boot.o
 .debug_loc     0x00001c74       0x40 Device_Startup/startup_samc21.o
 .debug_loc     0x00001cb4      0x5c1 driver_init.o
 .debug_loc     0x00002275      0xb2b edbg_uart_example.o
 .debug_loc     0x00002da0       0x13 hal/src/hal_atomic.o
 .debug_loc     0x00002db3       0xc3 hal/src/hal_delay.o
 .debug_loc     0x00002e76      0xf25 hal/src/hal_flash.o
 .debug_loc     0x00003d9b      0x18a hal/src/hal_io.o
 .debug_loc     0x00003f25      0x9b2 hal/src/hal_usart_sync.o
 .debug_loc     0x000048d7      0x1f7 hpl/core/hpl_core_m0plus_base.o
 .debug_loc     0x00004ace       0x4c hpl/core/hpl_init.o
 .debug_loc     0x00004b1a      0x2a5 hpl/divas/hpl_divas.o
 .debug_loc     0x00004dbf       0x72 hpl/gclk/hpl_gclk.o
 .debug_loc     0x00004e31       0x2c hpl/mclk/hpl_mclk.o
 .debug_loc     0x00004e5d     0x217a hpl/nvmctrl/hpl_nvmctrl.o
 .debug_loc     0x00006fd7       0x94 hpl/osc32kctrl/hpl_osc32kctrl.o
 .debug_loc     0x0000706b       0x74 hpl/oscctrl/hpl_oscctrl.o
 .debug_loc     0x000070df     0x801f hpl/sercom/hpl_sercom.o

.debug_aranges  0x00000000      0xb98
 .debug_aranges
                0x00000000       0x20 atmel_start.o
 .debug_aranges
                0x00000020      0x160 boot.o
 .debug_aranges
                0x00000180       0x28 Device_Startup/startup_samc21.o
 .debug_aranges
                0x000001a8       0x48 driver_init.o
 .debug_aranges
                0x000001f0       0xa0 edbg_uart_example.o
 .debug_aranges
                0x00000290       0x30 hal/src/hal_atomic.o
 .debug_aranges
                0x000002c0       0x38 hal/src/hal_delay.o
 .debug_aranges
                0x000002f8       0x90 hal/src/hal_flash.o
 .debug_aranges
                0x00000388       0x30 hal/src/hal_io.o
 .debug_aranges
                0x000003b8       0xa8 hal/src/hal_usart_sync.o
 .debug_aranges
                0x00000460       0x20 hal/utils/src/utils_assert.o
 .debug_aranges
                0x00000480       0x80 hpl/core/hpl_core_m0plus_base.o
 .debug_aranges
                0x00000500       0x20 hpl/core/hpl_init.o
 .debug_aranges
                0x00000520       0x40 hpl/divas/hpl_divas.o
 .debug_aranges
                0x00000560       0x28 hpl/gclk/hpl_gclk.o
 .debug_aranges
                0x00000588       0x20 hpl/mclk/hpl_mclk.o
 .debug_aranges
                0x000005a8       0xe0 hpl/nvmctrl/hpl_nvmctrl.o
 .debug_aranges
                0x00000688       0x20 hpl/osc32kctrl/hpl_osc32kctrl.o
 .debug_aranges
                0x000006a8       0x28 hpl/oscctrl/hpl_oscctrl.o
 .debug_aranges
                0x000006d0      0x4c8 hpl/sercom/hpl_sercom.o

.debug_ranges   0x00000000     0x10d0
 .debug_ranges  0x00000000       0x10 atmel_start.o
 .debug_ranges  0x00000010      0x150 boot.o
 .debug_ranges  0x00000160       0x18 Device_Startup/startup_samc21.o
 .debug_ranges  0x00000178       0x38 driver_init.o
 .debug_ranges  0x000001b0      0x120 edbg_uart_example.o
 .debug_ranges  0x000002d0       0x20 hal/src/hal_atomic.o
 .debug_ranges  0x000002f0       0x28 hal/src/hal_delay.o
 .debug_ranges  0x00000318       0x80 hal/src/hal_flash.o
 .debug_ranges  0x00000398       0x20 hal/src/hal_io.o
 .debug_ranges  0x000003b8       0x98 hal/src/hal_usart_sync.o
 .debug_ranges  0x00000450       0x10 hal/utils/src/utils_assert.o
 .debug_ranges  0x00000460       0x70 hpl/core/hpl_core_m0plus_base.o
 .debug_ranges  0x000004d0       0x10 hpl/core/hpl_init.o
 .debug_ranges  0x000004e0       0x30 hpl/divas/hpl_divas.o
 .debug_ranges  0x00000510       0x18 hpl/gclk/hpl_gclk.o
 .debug_ranges  0x00000528       0x10 hpl/mclk/hpl_mclk.o
 .debug_ranges  0x00000538      0x148 hpl/nvmctrl/hpl_nvmctrl.o
 .debug_ranges  0x00000680       0x10 hpl/osc32kctrl/hpl_osc32kctrl.o
 .debug_ranges  0x00000690       0x48 hpl/oscctrl/hpl_oscctrl.o
 .debug_ranges  0x000006d8      0x9f8 hpl/sercom/hpl_sercom.o

.debug_macro    0x00000000    0x1ddf5
 .debug_macro   0x00000000      0x62a atmel_start.o
 .debug_macro   0x0000062a      0x89e atmel_start.o
 .debug_macro   0x00000ec8      0x16d atmel_start.o
 .debug_macro   0x00001035       0x22 atmel_start.o
 .debug_macro   0x00001057       0x87 atmel_start.o
 .debug_macro   0x000010de       0x51 atmel_start.o
 .debug_macro   0x0000112f       0xef atmel_start.o
 .debug_macro   0x0000121e       0x6a atmel_start.o
 .debug_macro   0x00001288      0x1df atmel_start.o
 .debug_macro   0x00001467       0x22 atmel_start.o
 .debug_macro   0x00001489       0x3f atmel_start.o
 .debug_macro   0x000014c8       0x1c atmel_start.o
 .debug_macro   0x000014e4       0x22 atmel_start.o
 .debug_macro   0x00001506       0xb5 atmel_start.o
 .debug_macro   0x000015bb      0x4da atmel_start.o
 .debug_macro   0x00001a95      0x11f atmel_start.o
 .debug_macro   0x00001bb4      0x897 atmel_start.o
 .debug_macro   0x0000244b      0x8c0 atmel_start.o
 .debug_macro   0x00002d0b     0x2d61 atmel_start.o
 .debug_macro   0x00005a6c      0x21e atmel_start.o
 .debug_macro   0x00005c8a      0x282 atmel_start.o
 .debug_macro   0x00005f0c      0x130 atmel_start.o
 .debug_macro   0x0000603c      0xd32 atmel_start.o
 .debug_macro   0x00006d6e      0x61f atmel_start.o
 .debug_macro   0x0000738d      0x5be atmel_start.o
 .debug_macro   0x0000794b      0x824 atmel_start.o
 .debug_macro   0x0000816f      0x172 atmel_start.o
 .debug_macro   0x000082e1      0x306 atmel_start.o
 .debug_macro   0x000085e7      0x55f atmel_start.o
 .debug_macro   0x00008b46      0x421 atmel_start.o
 .debug_macro   0x00008f67      0x21c atmel_start.o
 .debug_macro   0x00009183      0x719 atmel_start.o
 .debug_macro   0x0000989c      0x5ab atmel_start.o
 .debug_macro   0x00009e47      0x335 atmel_start.o
 .debug_macro   0x0000a17c      0x68d atmel_start.o
 .debug_macro   0x0000a809       0xc4 atmel_start.o
 .debug_macro   0x0000a8cd      0x340 atmel_start.o
 .debug_macro   0x0000ac0d       0x6a atmel_start.o
 .debug_macro   0x0000ac77     0x124b atmel_start.o
 .debug_macro   0x0000bec2      0x5a5 atmel_start.o
 .debug_macro   0x0000c467      0xfc4 atmel_start.o
 .debug_macro   0x0000d42b      0x59e atmel_start.o
 .debug_macro   0x0000d9c9      0x8ae atmel_start.o
 .debug_macro   0x0000e277     0x19be atmel_start.o
 .debug_macro   0x0000fc35      0x39c atmel_start.o
 .debug_macro   0x0000ffd1      0x36a atmel_start.o
 .debug_macro   0x0001033b       0x94 atmel_start.o
 .debug_macro   0x000103cf       0xac atmel_start.o
 .debug_macro   0x0001047b       0xac atmel_start.o
 .debug_macro   0x00010527      0x149 atmel_start.o
 .debug_macro   0x00010670      0x149 atmel_start.o
 .debug_macro   0x000107b9       0x4c atmel_start.o
 .debug_macro   0x00010805       0x58 atmel_start.o
 .debug_macro   0x0001085d       0x3a atmel_start.o
 .debug_macro   0x00010897       0xd6 atmel_start.o
 .debug_macro   0x0001096d       0xb8 atmel_start.o
 .debug_macro   0x00010a25       0x64 atmel_start.o
 .debug_macro   0x00010a89      0x5d7 atmel_start.o
 .debug_macro   0x00011060       0x4c atmel_start.o
 .debug_macro   0x000110ac      0x1be atmel_start.o
 .debug_macro   0x0001126a      0x184 atmel_start.o
 .debug_macro   0x000113ee       0x52 atmel_start.o
 .debug_macro   0x00011440       0xa0 atmel_start.o
 .debug_macro   0x000114e0       0xd6 atmel_start.o
 .debug_macro   0x000115b6       0x94 atmel_start.o
 .debug_macro   0x0001164a       0x4c atmel_start.o
 .debug_macro   0x00011696       0x64 atmel_start.o
 .debug_macro   0x000116fa       0x22 atmel_start.o
 .debug_macro   0x0001171c      0x16c atmel_start.o
 .debug_macro   0x00011888       0x2e atmel_start.o
 .debug_macro   0x000118b6       0x16 atmel_start.o
 .debug_macro   0x000118cc       0xd6 atmel_start.o
 .debug_macro   0x000119a2       0xa0 atmel_start.o
 .debug_macro   0x00011a42      0x133 atmel_start.o
 .debug_macro   0x00011b75      0x133 atmel_start.o
 .debug_macro   0x00011ca8      0x133 atmel_start.o
 .debug_macro   0x00011ddb      0x133 atmel_start.o
 .debug_macro   0x00011f0e      0x133 atmel_start.o
 .debug_macro   0x00012041      0x133 atmel_start.o
 .debug_macro   0x00012174       0x4c atmel_start.o
 .debug_macro   0x000121c0       0xfa atmel_start.o
 .debug_macro   0x000122ba       0xfa atmel_start.o
 .debug_macro   0x000123b4       0xfa atmel_start.o
 .debug_macro   0x000124ae       0xfa atmel_start.o
 .debug_macro   0x000125a8       0xfa atmel_start.o
 .debug_macro   0x000126a2      0x124 atmel_start.o
 .debug_macro   0x000127c6       0xfa atmel_start.o
 .debug_macro   0x000128c0       0xee atmel_start.o
 .debug_macro   0x000129ae       0x76 atmel_start.o
 .debug_macro   0x00012a24       0x3a atmel_start.o
 .debug_macro   0x00012a5e      0x46b atmel_start.o
 .debug_macro   0x00012ec9     0x2678 atmel_start.o
 .debug_macro   0x00015541       0x82 atmel_start.o
 .debug_macro   0x000155c3       0x10 atmel_start.o
 .debug_macro   0x000155d3       0x10 atmel_start.o
 .debug_macro   0x000155e3       0x16 atmel_start.o
 .debug_macro   0x000155f9       0x16 atmel_start.o
 .debug_macro   0x0001560f       0x16 atmel_start.o
 .debug_macro   0x00015625       0x16 atmel_start.o
 .debug_macro   0x0001563b       0x16 atmel_start.o
 .debug_macro   0x00015651       0x16 atmel_start.o
 .debug_macro   0x00015667       0x16 atmel_start.o
 .debug_macro   0x0001567d       0x16 atmel_start.o
 .debug_macro   0x00015693       0x16 atmel_start.o
 .debug_macro   0x000156a9       0x16 atmel_start.o
 .debug_macro   0x000156bf       0x16 atmel_start.o
 .debug_macro   0x000156d5       0x16 atmel_start.o
 .debug_macro   0x000156eb       0x16 atmel_start.o
 .debug_macro   0x00015701       0x16 atmel_start.o
 .debug_macro   0x00015717       0x16 atmel_start.o
 .debug_macro   0x0001572d       0x16 atmel_start.o
 .debug_macro   0x00015743       0x16 atmel_start.o
 .debug_macro   0x00015759       0x16 atmel_start.o
 .debug_macro   0x0001576f       0x16 atmel_start.o
 .debug_macro   0x00015785       0x16 atmel_start.o
 .debug_macro   0x0001579b       0x16 atmel_start.o
 .debug_macro   0x000157b1      0x262 atmel_start.o
 .debug_macro   0x00015a13       0x16 atmel_start.o
 .debug_macro   0x00015a29       0x94 atmel_start.o
 .debug_macro   0x00015abd       0x16 atmel_start.o
 .debug_macro   0x00015ad3       0xbe atmel_start.o
 .debug_macro   0x00015b91      0x28c atmel_start.o
 .debug_macro   0x00015e1d       0x16 atmel_start.o
 .debug_macro   0x00015e33       0x16 atmel_start.o
 .debug_macro   0x00015e49       0xca atmel_start.o
 .debug_macro   0x00015f13       0x1c atmel_start.o
 .debug_macro   0x00015f2f       0x16 atmel_start.o
 .debug_macro   0x00015f45       0xcf atmel_start.o
 .debug_macro   0x00016014       0x52 atmel_start.o
 .debug_macro   0x00016066       0x6c boot.o
 .debug_macro   0x000160d2      0x23e boot.o
 .debug_macro   0x00016310      0x3ba Device_Startup/startup_samc21.o
 .debug_macro   0x000166ca       0x39 Device_Startup/startup_samc21.o
 .debug_macro   0x00016703      0x633 driver_init.o
 .debug_macro   0x00016d36       0x28 driver_init.o
 .debug_macro   0x00016d5e       0xc9 driver_init.o
 .debug_macro   0x00016e27      0x73c edbg_uart_example.o
 .debug_macro   0x00017563       0x58 edbg_uart_example.o
 .debug_macro   0x000175bb       0x35 edbg_uart_example.o
 .debug_macro   0x000175f0       0x9c edbg_uart_example.o
 .debug_macro   0x0001768c       0x58 edbg_uart_example.o
 .debug_macro   0x000176e4       0x1f edbg_uart_example.o
 .debug_macro   0x00017703       0x43 edbg_uart_example.o
 .debug_macro   0x00017746       0x20 edbg_uart_example.o
 .debug_macro   0x00017766      0x187 edbg_uart_example.o
 .debug_macro   0x000178ed      0x34d edbg_uart_example.o
 .debug_macro   0x00017c3a       0x10 edbg_uart_example.o
 .debug_macro   0x00017c4a       0x35 edbg_uart_example.o
 .debug_macro   0x00017c7f      0x53a hal/src/hal_atomic.o
 .debug_macro   0x000181b9      0x571 hal/src/hal_delay.o
 .debug_macro   0x0001872a      0x56f hal/src/hal_flash.o
 .debug_macro   0x00018c99      0x54f hal/src/hal_io.o
 .debug_macro   0x000191e8      0x57a hal/src/hal_usart_sync.o
 .debug_macro   0x00019762      0x544 hal/utils/src/utils_assert.o
 .debug_macro   0x00019ca6       0x10 hal/utils/src/utils_assert.o
 .debug_macro   0x00019cb6      0x59a hpl/core/hpl_core_m0plus_base.o
 .debug_macro   0x0001a250      0x5c9 hpl/core/hpl_init.o
 .debug_macro   0x0001a819       0x1c hpl/core/hpl_init.o
 .debug_macro   0x0001a835      0x772 hpl/core/hpl_init.o
 .debug_macro   0x0001afa7      0x562 hpl/divas/hpl_divas.o
 .debug_macro   0x0001b509      0x553 hpl/gclk/hpl_gclk.o
 .debug_macro   0x0001ba5c      0x1f4 hpl/gclk/hpl_gclk.o
 .debug_macro   0x0001bc50      0x54e hpl/mclk/hpl_mclk.o
 .debug_macro   0x0001c19e      0x69c hpl/nvmctrl/hpl_nvmctrl.o
 .debug_macro   0x0001c83a       0x1c hpl/nvmctrl/hpl_nvmctrl.o
 .debug_macro   0x0001c856      0x549 hpl/osc32kctrl/hpl_osc32kctrl.o
 .debug_macro   0x0001cd9f       0xb8 hpl/osc32kctrl/hpl_osc32kctrl.o
 .debug_macro   0x0001ce57      0x549 hpl/oscctrl/hpl_oscctrl.o
 .debug_macro   0x0001d3a0      0x130 hpl/oscctrl/hpl_oscctrl.o
 .debug_macro   0x0001d4d0      0x79d hpl/sercom/hpl_sercom.o
 .debug_macro   0x0001dc6d       0x70 hpl/sercom/hpl_sercom.o
 .debug_macro   0x0001dcdd       0xba hpl/sercom/hpl_sercom.o
 .debug_macro   0x0001dd97       0x10 hpl/sercom/hpl_sercom.o
 .debug_macro   0x0001dda7       0x1c hpl/sercom/hpl_sercom.o
 .debug_macro   0x0001ddc3       0x22 hpl/sercom/hpl_sercom.o
 .debug_macro   0x0001dde5       0x10 hpl/sercom/hpl_sercom.o

.debug_line     0x00000000    0x10844
 .debug_line    0x00000000      0xc0d atmel_start.o
 .debug_line    0x00000c0d      0x629 boot.o
 .debug_line    0x00001236      0x7c3 Device_Startup/startup_samc21.o
 .debug_line    0x000019f9      0xce5 driver_init.o
 .debug_line    0x000026de      0xfa2 edbg_uart_example.o
 .debug_line    0x00003680      0xaf2 hal/src/hal_atomic.o
 .debug_line    0x00004172      0xb1d hal/src/hal_delay.o
 .debug_line    0x00004c8f      0xd5b hal/src/hal_flash.o
 .debug_line    0x000059ea      0xb06 hal/src/hal_io.o
 .debug_line    0x000064f0      0xcde hal/src/hal_usart_sync.o
 .debug_line    0x000071ce      0xabc hal/utils/src/utils_assert.o
 .debug_line    0x00007c8a      0xc8c hpl/core/hpl_core_m0plus_base.o
 .debug_line    0x00008916      0xba9 hpl/core/hpl_init.o
 .debug_line    0x000094bf      0xbc4 hpl/divas/hpl_divas.o
 .debug_line    0x0000a083      0xb0e hpl/gclk/hpl_gclk.o
 .debug_line    0x0000ab91      0xae4 hpl/mclk/hpl_mclk.o
 .debug_line    0x0000b675     0x11fe hpl/nvmctrl/hpl_nvmctrl.o
 .debug_line    0x0000c873      0xaf9 hpl/osc32kctrl/hpl_osc32kctrl.o
 .debug_line    0x0000d36c      0xb4b hpl/oscctrl/hpl_oscctrl.o
 .debug_line    0x0000deb7     0x298d hpl/sercom/hpl_sercom.o

.debug_str      0x00000000    0x97b85
 .debug_str     0x00000000    0x89563 atmel_start.o
                              0x8a0dd (size before relaxing)
 .debug_str     0x00089563      0xe6a boot.o
                               0x4266 (size before relaxing)
 .debug_str     0x0008a3cd      0x3e2 Device_Startup/startup_samc21.o
                              0x84cc2 (size before relaxing)
 .debug_str     0x0008a7af     0x158e driver_init.o
                              0x8b73b (size before relaxing)
 .debug_str     0x0008bd3d     0x30dc edbg_uart_example.o
                              0x8e0f4 (size before relaxing)
 .debug_str     0x0008ee19       0x7e hal/src/hal_atomic.o
                              0x89433 (size before relaxing)
 .debug_str     0x0008ee97       0x92 hal/src/hal_delay.o
                              0x8949d (size before relaxing)
 .debug_str     0x0008ef29      0x191 hal/src/hal_flash.o
                              0x89c6b (size before relaxing)
 .debug_str     0x0008f0ba       0x2c hal/src/hal_io.o
                              0x894e0 (size before relaxing)
 .debug_str     0x0008f0e6      0x48d hal/src/hal_usart_sync.o
                              0x89f80 (size before relaxing)
 .debug_str     0x0008f573       0x2a hal/utils/src/utils_assert.o
                              0x89443 (size before relaxing)
 .debug_str     0x0008f59d      0x2df hpl/core/hpl_core_m0plus_base.o
                              0x89e64 (size before relaxing)
 .debug_str     0x0008f87c     0x1968 hpl/core/hpl_init.o
                              0x8b92c (size before relaxing)
 .debug_str     0x000911e4      0x27b hpl/divas/hpl_divas.o
                              0x896b4 (size before relaxing)
 .debug_str     0x0009145f      0x830 hpl/gclk/hpl_gclk.o
                              0x89d8d (size before relaxing)
 .debug_str     0x00091c8f       0x47 hpl/mclk/hpl_mclk.o
                              0x89795 (size before relaxing)
 .debug_str     0x00091cd6      0x912 hpl/nvmctrl/hpl_nvmctrl.o
                              0x8d4da (size before relaxing)
 .debug_str     0x000925e8      0x528 hpl/osc32kctrl/hpl_osc32kctrl.o
                              0x89953 (size before relaxing)
 .debug_str     0x00092b10      0x8da hpl/oscctrl/hpl_oscctrl.o
                              0x89d72 (size before relaxing)
 .debug_str     0x000933ea     0x479b hpl/sercom/hpl_sercom.o
                              0x8f081 (size before relaxing)

.debug_frame    0x00000000     0x1f7c
 .debug_frame   0x00000000       0x28 atmel_start.o
 .debug_frame   0x00000028      0x460 boot.o
 .debug_frame   0x00000488       0x38 Device_Startup/startup_samc21.o
 .debug_frame   0x000004c0       0x98 driver_init.o
 .debug_frame   0x00000558      0x1ec edbg_uart_example.o
 .debug_frame   0x00000744       0x40 hal/src/hal_atomic.o
 .debug_frame   0x00000784       0x68 hal/src/hal_delay.o
 .debug_frame   0x000007ec      0x1c4 hal/src/hal_flash.o
 .debug_frame   0x000009b0       0x58 hal/src/hal_io.o
 .debug_frame   0x00000a08      0x200 hal/src/hal_usart_sync.o
 .debug_frame   0x00000c08       0x20 hal/utils/src/utils_assert.o
 .debug_frame   0x00000c28       0xfc hpl/core/hpl_core_m0plus_base.o
 .debug_frame   0x00000d24       0x28 hpl/core/hpl_init.o
 .debug_frame   0x00000d4c       0x90 hpl/divas/hpl_divas.o
 .debug_frame   0x00000ddc       0x30 hpl/gclk/hpl_gclk.o
 .debug_frame   0x00000e0c       0x20 hpl/mclk/hpl_mclk.o
 .debug_frame   0x00000e2c      0x2b0 hpl/nvmctrl/hpl_nvmctrl.o
 .debug_frame   0x000010dc       0x20 hpl/osc32kctrl/hpl_osc32kctrl.o
 .debug_frame   0x000010fc       0x30 hpl/oscctrl/hpl_oscctrl.o
 .debug_frame   0x0000112c      0xddc hpl/sercom/hpl_sercom.o
 .debug_frame   0x00001f08       0x2c c:/program files (x86)/atmel/studio/7.0/toolchain/arm/arm-gnu-toolchain/bin/../lib/gcc/arm-none-eabi/6.3.1/../../../../arm-none-eabi/lib/thumb/v6-m\libc_nano.a(lib_a-init.o)
 .debug_frame   0x00001f34       0x28 c:/program files (x86)/atmel/studio/7.0/toolchain/arm/arm-gnu-toolchain/bin/../lib/gcc/arm-none-eabi/6.3.1/../../../../arm-none-eabi/lib/thumb/v6-m\libc_nano.a(lib_a-memcpy-stub.o)
 .debug_frame   0x00001f5c       0x20 c:/program files (x86)/atmel/studio/7.0/toolchain/arm/arm-gnu-toolchain/bin/../lib/gcc/arm-none-eabi/6.3.1/../../../../arm-none-eabi/lib/thumb/v6-m\libc_nano.a(lib_a-memset.o)
