Archive member included to satisfy reference by file (symbol)

c:/program files (x86)/atmel/studio/7.0/toolchain/arm/arm-gnu-toolchain/bin/../lib/gcc/arm-none-eabi/6.3.1/thumb/v6-m\libgcc.a(_aeabi_uldivmod.o)
                              hpl/sercom/hpl_sercom.o (__aeabi_uldivmod)
c:/program files (x86)/atmel/studio/7.0/toolchain/arm/arm-gnu-toolchain/bin/../lib/gcc/arm-none-eabi/6.3.1/thumb/v6-m\libgcc.a(_muldi3.o)
                              hpl/sercom/hpl_sercom.o (__aeabi_lmul)
c:/program files (x86)/atmel/studio/7.0/toolchain/arm/arm-gnu-toolchain/bin/../lib/gcc/arm-none-eabi/6.3.1/thumb/v6-m\libgcc.a(_fixunsdfsi.o)
                              hpl/sercom/hpl_sercom.o (__aeabi_d2uiz)
c:/program files (x86)/atmel/studio/7.0/toolchain/arm/arm-gnu-toolchain/bin/../lib/gcc/arm-none-eabi/6.3.1/thumb/v6-m\libgcc.a(_udivmoddi4.o)
                              c:/program files (x86)/atmel/studio/7.0/toolchain/arm/arm-gnu-toolchain/bin/../lib/gcc/arm-none-eabi/6.3.1/thumb/v6-m\libgcc.a(_aeabi_uldivmod.o) (__udivmoddi4)
c:/program files (x86)/atmel/studio/7.0/toolchain/arm/arm-gnu-toolchain/bin/../lib/gcc/arm-none-eabi/6.3.1/thumb/v6-m\libgcc.a(divdf3.o)
                              hpl/sercom/hpl_sercom.o (__aeabi_ddiv)
c:/program files (x86)/atmel/studio/7.0/toolchain/arm/arm-gnu-toolchain/bin/../lib/gcc/arm-none-eabi/6.3.1/thumb/v6-m\libgcc.a(muldf3.o)
                              hpl/sercom/hpl_sercom.o (__aeabi_dmul)
c:/program files (x86)/atmel/studio/7.0/toolchain/arm/arm-gnu-toolchain/bin/../lib/gcc/arm-none-eabi/6.3.1/thumb/v6-m\libgcc.a(subdf3.o)
                              hpl/sercom/hpl_sercom.o (__aeabi_dsub)
c:/program files (x86)/atmel/studio/7.0/toolchain/arm/arm-gnu-toolchain/bin/../lib/gcc/arm-none-eabi/6.3.1/thumb/v6-m\libgcc.a(fixdfsi.o)
                              c:/program files (x86)/atmel/studio/7.0/toolchain/arm/arm-gnu-toolchain/bin/../lib/gcc/arm-none-eabi/6.3.1/thumb/v6-m\libgcc.a(_fixunsdfsi.o) (__aeabi_d2iz)
c:/program files (x86)/atmel/studio/7.0/toolchain/arm/arm-gnu-toolchain/bin/../lib/gcc/arm-none-eabi/6.3.1/thumb/v6-m\libgcc.a(floatsidf.o)
                              hpl/sercom/hpl_sercom.o (__aeabi_i2d)
c:/program files (x86)/atmel/studio/7.0/toolchain/arm/arm-gnu-toolchain/bin/../lib/gcc/arm-none-eabi/6.3.1/thumb/v6-m\libgcc.a(floatunsidf.o)
                              hpl/sercom/hpl_sercom.o (__aeabi_ui2d)
c:/program files (x86)/atmel/studio/7.0/toolchain/arm/arm-gnu-toolchain/bin/../lib/gcc/arm-none-eabi/6.3.1/thumb/v6-m\libgcc.a(_dvmd_tls.o)
                              c:/program files (x86)/atmel/studio/7.0/toolchain/arm/arm-gnu-toolchain/bin/../lib/gcc/arm-none-eabi/6.3.1/thumb/v6-m\libgcc.a(_aeabi_uldivmod.o) (__aeabi_ldiv0)
c:/program files (x86)/atmel/studio/7.0/toolchain/arm/arm-gnu-toolchain/bin/../lib/gcc/arm-none-eabi/6.3.1/thumb/v6-m\libgcc.a(_arm_cmpdf2.o)
                              c:/program files (x86)/atmel/studio/7.0/toolchain/arm/arm-gnu-toolchain/bin/../lib/gcc/arm-none-eabi/6.3.1/thumb/v6-m\libgcc.a(_fixunsdfsi.o) (__aeabi_dcmpge)
c:/program files (x86)/atmel/studio/7.0/toolchain/arm/arm-gnu-toolchain/bin/../lib/gcc/arm-none-eabi/6.3.1/thumb/v6-m\libgcc.a(_clzsi2.o)
                              c:/program files (x86)/atmel/studio/7.0/toolchain/arm/arm-gnu-toolchain/bin/../lib/gcc/arm-none-eabi/6.3.1/thumb/v6-m\libgcc.a(divdf3.o) (__clzsi2)
c:/program files (x86)/atmel/studio/7.0/toolchain/arm/arm-gnu-toolchain/bin/../lib/gcc/arm-none-eabi/6.3.1/thumb/v6-m\libgcc.a(_clzdi2.o)
                              c:/program files (x86)/atmel/studio/7.0/toolchain/arm/arm-gnu-toolchain/bin/../lib/gcc/arm-none-eabi/6.3.1/thumb/v6-m\libgcc.a(_udivmoddi4.o) (__clzdi2)
c:/program files (x86)/atmel/studio/7.0/toolchain/arm/arm-gnu-toolchain/bin/../lib/gcc/arm-none-eabi/6.3.1/thumb/v6-m\libgcc.a(eqdf2.o)
                              c:/program files (x86)/atmel/studio/7.0/toolchain/arm/arm-gnu-toolchain/bin/../lib/gcc/arm-none-eabi/6.3.1/thumb/v6-m\libgcc.a(_arm_cmpdf2.o) (__eqdf2)
c:/program files (x86)/atmel/studio/7.0/toolchain/arm/arm-gnu-toolchain/bin/../lib/gcc/arm-none-eabi/6.3.1/thumb/v6-m\libgcc.a(gedf2.o)
                              c:/program files (x86)/atmel/studio/7.0/toolchain/arm/arm-gnu-toolchain/bin/../lib/gcc/arm-none-eabi/6.3.1/thumb/v6-m\libgcc.a(_arm_cmpdf2.o) (__gedf2)
c:/program files (x86)/atmel/studio/7.0/toolchain/arm/arm-gnu-toolchain/bin/../lib/gcc/arm-none-eabi/6.3.1/thumb/v6-m\libgcc.a(ledf2.o)
                              c:/program files (x86)/atmel/studio/7.0/toolchain/arm/arm-gnu-toolchain/bin/../lib/gcc/arm-none-eabi/6.3.1/thumb/v6-m\libgcc.a(_arm_cmpdf2.o) (__ledf2)
c:/program files (x86)/atmel/studio/7.0/toolchain/arm/arm-gnu-toolchain/bin/../lib/gcc/arm-none-eabi/6.3.1/../../../../arm-none-eabi/lib/thumb/v6-m\libc_nano.a(lib_a-exit.o)
[...]
Memory Configuration

Name             Origin             Length             Attributes
rom              0x00000000         0x00040000         xr
ram              0x20000000         0x00008000         xrw
*default*        0x00000000         0xffffffff

Linker script and memory map

LOAD c:/program files (x86)/atmel/studio/7.0/toolchain/arm/arm-gnu-toolchain/bin/../lib/gcc/arm-none-eabi/6.3.1/thumb/v6-m/crti.o
LOAD c:/program files (x86)/atmel/studio/7.0/toolchain/arm/arm-gnu-toolchain/bin/../lib/gcc/arm-none-eabi/6.3.1/thumb/v6-m/crtbegin.o
LOAD c:/program files (x86)/atmel/studio/7.0/toolchain/arm/arm-gnu-toolchain/bin/../lib/gcc/arm-none-eabi/6.3.1/../../../../arm-none-eabi/lib/thumb/v6-m/crt0.o
LOAD atmel_start.o
LOAD boot.o
LOAD Device_Startup/startup_samc21.o
LOAD Device_Startup/system_samc21.o
LOAD driver_init.o
LOAD edbg_uart_example.o
LOAD examples/driver_examples.o
LOAD hal/src/hal_atomic.o
LOAD hal/src/hal_delay.o
LOAD hal/src/hal_flash.o
LOAD hal/src/hal_gpio.o
LOAD hal/src/hal_init.o
LOAD hal/src/hal_io.o
LOAD hal/src/hal_sleep.o
LOAD hal/src/hal_usart_sync.o
LOAD hal/utils/src/utils_assert.o
LOAD hal/utils/src/utils_event.o
LOAD hal/utils/src/utils_list.o
LOAD hal/utils/src/utils_syscalls.o
LOAD hpl/core/hpl_core_m0plus_base.o
LOAD hpl/core/hpl_init.o
LOAD hpl/divas/hpl_divas.o
LOAD hpl/dmac/hpl_dmac.o
LOAD hpl/gclk/hpl_gclk.o
LOAD hpl/mclk/hpl_mclk.o
LOAD hpl/nvmctrl/hpl_nvmctrl.o
LOAD hpl/osc32kctrl/hpl_osc32kctrl.o
LOAD hpl/oscctrl/hpl_oscctrl.o
LOAD hpl/pm/hpl_pm.o
LOAD hpl/sercom/hpl_sercom.o
START GROUP
LOAD c:/program files (x86)/atmel/studio/7.0/toolchain/arm/arm-gnu-toolchain/bin/../lib/gcc/arm-none-eabi/6.3.1/../../../../arm-none-eabi/lib/thumb/v6-m\libm.a
END GROUP
START GROUP
LOAD c:/program files (x86)/atmel/studio/7.0/toolchain/arm/arm-gnu-toolchain/bin/../lib/gcc/arm-none-eabi/6.3.1/thumb/v6-m\libgcc.a
LOAD c:/program files (x86)/atmel/studio/7.0/toolchain/arm/arm-gnu-toolchain/bin/../lib/gcc/arm-none-eabi/6.3.1/../../../../arm-none-eabi/lib/thumb/v6-m\libc_nano.a
END GROUP
START GROUP
LOAD c:/program files (x86)/atmel/studio/7.0/toolchain/arm/arm-gnu-toolchain/bin/../lib/gcc/arm-none-eabi/6.3.1/thumb/v6-m\libgcc.a
LOAD c:/program files (x86)/atmel/studio/7.0/toolchain/arm/arm-gnu-toolchain/bin/../lib/gcc/arm-none-eabi/6.3.1/../../../../arm-none-eabi/lib/thumb/v6-m\libc_nano.a
END GROUP
LOAD c:/program files (x86)/atmel/studio/7.0/toolchain/arm/arm-gnu-toolchain/bin/../lib/gcc/arm-none-eabi/6.3.1/thumb/v6-m/crtend.o
LOAD c:/program files (x86)/atmel/studio/7.0/toolchain/arm/arm-gnu-toolchain/bin/../lib/gcc/arm-none-eabi/6.3.1/thumb/v6-m/crtn.o
                0x00002000                STACK_SIZE = DEFINED (STACK_SIZE)?STACK_SIZE:DEFINED (__stack_size__)?__stack_size__:0x2000

.text           0x00000000     0x1774
                0x00000000                . = ALIGN (0x4)
                0x00000000                _sfixed = .
 *(.vectors .vectors.*)
 .vectors       0x00000000       0xbc Device_Startup/startup_samc21.o
                0x00000000                exception_table
 *(.text .text.* .gnu.linkonce.t.*)
 .text          0x000000bc       0x60 c:/program files (x86)/atmel/studio/7.0/toolchain/arm/arm-gnu-toolchain/bin/../lib/gcc/arm-none-eabi/6.3.1/thumb/v6-m/crtbegin.o
 .text.atmel_start_init
                0x0000011c        0xc atmel_start.o
                0x0000011c                atmel_start_init
 .text.sum32    0x00000128       0x20 boot.o
                0x00000128                sum32
 .text.err_encode
                0x00000148       0x30 boot.o
                0x00000148                err_encode
 .text.bl_get_ver_encode
                0x00000178       0x30 boot.o
                0x00000178                bl_get_ver_encode
 .text.bl_get_ver_ack_encode
                0x000001a8       0x30 boot.o
                0x000001a8                bl_get_ver_ack_encode
 .text.bl_get_id_encode
                0x000001d8       0x2c boot.o
                0x000001d8                bl_get_id_encode
 .text.bl_get_id_ack_encode
                0x00000204       0x30 boot.o
                0x00000204                bl_get_id_ack_encode
 .text.bl_mem_erase_ack_encode
                0x00000234       0x30 boot.o
                0x00000234                bl_mem_erase_ack_encode
 .text.bl_mem_write_ack_encode
                0x00000264       0x30 boot.o
                0x00000264                bl_mem_write_ack_encode
 .text.bl_mem_read_encode
                0x00000294       0x2c boot.o
                0x00000294                bl_mem_read_encode
 .text.bl_mem_read_ack_encode
                0x000002c0       0x34 boot.o
                0x000002c0                bl_mem_read_ack_encode
 .text.bl_reset_ack_encode
                0x000002f4       0x30 boot.o
                0x000002f4                bl_reset_ack_encode
 .text.Dummy_Handler
                0x00000324        0x2 Device_Startup/startup_samc21.o
                0x00000324                SVCall_Handler
                0x00000324                DMAC_Handler
                0x00000324                HardFault_Handler
                0x00000324                TC2_Handler
                0x00000324                AC_Handler
                0x00000324                SysTick_Handler
                0x00000324                PendSV_Handler
                0x00000324                SERCOM1_Handler
                0x00000324                NonMaskableInt_Handler
                0x00000324                TCC1_Handler
                0x00000324                SERCOM2_Handler
                0x00000324                TCC0_Handler
                0x00000324                RTC_Handler
                0x00000324                ADC1_Handler
                0x00000324                EIC_Handler
                0x00000324                WDT_Handler
                0x00000324                CAN0_Handler
                0x00000324                TC4_Handler
                0x00000324                TC1_Handler
                0x00000324                TC3_Handler
                0x00000324                SDADC_Handler
                0x00000324                Dummy_Handler
                0x00000324                SERCOM5_Handler
                0x00000324                CAN1_Handler
                0x00000324                ADC0_Handler
                0x00000324                TSENS_Handler
                0x00000324                TCC2_Handler
                0x00000324                EVSYS_Handler
                0x00000324                SERCOM3_Handler
                0x00000324                SERCOM4_Handler
                0x00000324                SYSTEM_Handler
                0x00000324                SERCOM0_Handler
                0x00000324                DAC_Handler
                0x00000324                PTC_Handler
                0x00000324                FREQM_Handler
                0x00000324                TC0_Handler
 *fill*         0x00000326        0x2 
 .text.Reset_Handler
                0x00000328       0x88 Device_Startup/startup_samc21.o
                0x00000328                Reset_Handler
 .text.FLASH_0_CLOCK_init
                0x000003b0       0x10 driver_init.o
                0x000003b0                FLASH_0_CLOCK_init
 .text.FLASH_0_init
                0x000003c0       0x20 driver_init.o
                0x000003c0                FLASH_0_init
 .text.EDBG_COM_PORT_init
                0x000003e0       0x40 driver_init.o
                0x000003e0                EDBG_COM_PORT_init
 .text.EDBG_COM_CLOCK_init
                0x00000420       0x24 driver_init.o
                0x00000420                EDBG_COM_CLOCK_init
 .text.EDBG_COM_init
                0x00000444       0x2c driver_init.o
                0x00000444                EDBG_COM_init
 .text.system_init
                0x00000470       0x88 driver_init.o
                0x00000470                system_init
 .text._gpio_get_level
                0x000004f8       0x40 edbg_uart_example.o
 .text.uart_recv
                0x00000538       0x38 edbg_uart_example.o
                0x00000538                uart_recv
 .text.uart_send
                0x00000570       0x38 edbg_uart_example.o
                0x00000570                uart_send
 .text.jump_to_application
                0x000005a8       0x1c edbg_uart_example.o
                0x000005a8                jump_to_application
 .text.bootloader_handle_jump_to_address
                0x000005c4       0x58 edbg_uart_example.o
                0x000005c4                bootloader_handle_jump_to_address
 .text.bootloader_handle_getver_cmd
                0x0000061c       0x30 edbg_uart_example.o
                0x0000061c                bootloader_handle_getver_cmd
 .text.bootloader_handle_getcid_cmd
                0x0000064c       0x34 edbg_uart_example.o
                0x0000064c                bootloader_handle_getcid_cmd
 .text.bootloader_handle_mem_read_cmd
                0x00000680       0xb4 edbg_uart_example.o
                0x00000680                bootloader_handle_mem_read_cmd
 .text.bootloader_handle_mem_write_cmd
                0x00000734       0x84 edbg_uart_example.o
                0x00000734                bootloader_handle_mem_write_cmd
 .text.bootloader_flash_erase_cmd
                0x000007b8       0x54 edbg_uart_example.o
                0x000007b8                bootloader_flash_erase_cmd
 .text.bootloader_handle_reset_cmd
                0x0000080c       0x40 edbg_uart_example.o
                0x0000080c                bootloader_handle_reset_cmd
 .text.message_decode
                0x0000084c      0x288 edbg_uart_example.o
                0x0000084c                message_decode
 .text.packet_parser
                0x00000ad4       0xe0 edbg_uart_example.o
                0x00000ad4                packet_parser
 .text.main     0x00000bb4      0x164 edbg_uart_example.o
                0x00000bb4                main
 .text.atomic_enter_critical
                0x00000d18        0xe hal/src/hal_atomic.o
                0x00000d18                atomic_enter_critical
 .text.atomic_leave_critical
                0x00000d26        0xc hal/src/hal_atomic.o
                0x00000d26                atomic_leave_critical
 *fill*         0x00000d32        0x2 
 .text.delay_ms
                0x00000d34       0x20 hal/src/hal_delay.o
                0x00000d34                delay_ms
 .text.flash_ready
                0x00000d54        0xc hal/src/hal_flash.o
 .text.flash_error
                0x00000d60        0xc hal/src/hal_flash.o
 .text.flash_init
                0x00000d6c       0x48 hal/src/hal_flash.o
                0x00000d6c                flash_init
 .text.flash_read
                0x00000db4       0xa8 hal/src/hal_flash.o
                0x00000db4                flash_read
 .text.flash_write
                0x00000e5c       0xc0 hal/src/hal_flash.o
                0x00000e5c                flash_write
 .text.flash_get_page_size
                0x00000f1c       0x28 hal/src/hal_flash.o
                0x00000f1c                flash_get_page_size
 .text.io_write
                0x00000f44       0x34 hal/src/hal_io.o
                0x00000f44                io_write
 .text.io_read  0x00000f78       0x34 hal/src/hal_io.o
                0x00000f78                io_read
 .text.usart_sync_write
                0x00000fac       0x7c hal/src/hal_usart_sync.o
 .text.usart_sync_read
                0x00001028       0x68 hal/src/hal_usart_sync.o
 .text.usart_sync_init
                0x00001090       0x4c hal/src/hal_usart_sync.o
                0x00001090                usart_sync_init
 .text.usart_sync_enable
                0x000010dc       0x2c hal/src/hal_usart_sync.o
                0x000010dc                usart_sync_enable
 .text.usart_sync_get_io_descriptor
                0x00001108       0x2c hal/src/hal_usart_sync.o
                0x00001108                usart_sync_get_io_descriptor
 .text.assert   0x00001134        0x8 hal/utils/src/utils_assert.o
                0x00001134                assert
 .text._get_cycles_for_ms
                0x0000113c       0x1c hpl/core/hpl_core_m0plus_base.o
                0x0000113c                _get_cycles_for_ms
 .text._delay_cycles
                0x00001158        0x6 hpl/core/hpl_core_m0plus_base.o
                0x00001158                _delay_cycles
 *fill*         0x0000115e        0x2 
 .text._init_chip
                0x00001160       0x40 hpl/core/hpl_init.o
                0x00001160                _init_chip
 .text._div_init
                0x000011a0        0xe hpl/divas/hpl_divas.o
                0x000011a0                _div_init
 .text.__aeabi_uidiv
                0x000011ae       0x34 hpl/divas/hpl_divas.o
                0x000011ae                __aeabi_uidiv
 *fill*         0x000011e2        0x2 
 .text._gclk_init_generators_by_fref
                0x000011e4       0x24 hpl/gclk/hpl_gclk.o
                0x000011e4                _gclk_init_generators_by_fref
 .text._mclk_init
                0x00001208        0xc hpl/mclk/hpl_mclk.o
                0x00001208                _mclk_init
 .text._flash_program
                0x00001214       0x8c hpl/nvmctrl/hpl_nvmctrl.o
 .text._flash_init
                0x000012a0       0x60 hpl/nvmctrl/hpl_nvmctrl.o
                0x000012a0                _flash_init
 .text._flash_get_page_size
                0x00001300        0x4 hpl/nvmctrl/hpl_nvmctrl.o
                0x00001300                _flash_get_page_size
 .text._flash_get_total_pages
                0x00001304        0x6 hpl/nvmctrl/hpl_nvmctrl.o
                0x00001304                _flash_get_total_pages
 .text._flash_read
                0x0000130a       0x50 hpl/nvmctrl/hpl_nvmctrl.o
                0x0000130a                _flash_read
 *fill*         0x0000135a        0x2 
 .text._flash_write
                0x0000135c      0x11c hpl/nvmctrl/hpl_nvmctrl.o
                0x0000135c                _flash_write
 .text._flash_is_locked
                0x00001478       0x16 hpl/nvmctrl/hpl_nvmctrl.o
                0x00001478                _flash_is_locked
 *fill*         0x0000148e        0x2 
 .text.NVMCTRL_Handler
                0x00001490       0x30 hpl/nvmctrl/hpl_nvmctrl.o
                0x00001490                NVMCTRL_Handler
 .text._osc32kctrl_init_sources
                0x000014c0       0x18 hpl/osc32kctrl/hpl_osc32kctrl.o
                0x000014c0                _osc32kctrl_init_sources
 .text._oscctrl_init_sources
                0x000014d8       0x40 hpl/oscctrl/hpl_oscctrl.o
                0x000014d8                _oscctrl_init_sources
 .text._oscctrl_init_referenced_generators
                0x00001518        0x2 hpl/oscctrl/hpl_oscctrl.o
                0x00001518                _oscctrl_init_referenced_generators
 *fill*         0x0000151a        0x2 
 .text._usart_init
                0x0000151c       0x9c hpl/sercom/hpl_sercom.o
 .text._usart_sync_init
                0x000015b8       0x2c hpl/sercom/hpl_sercom.o
                0x000015b8                _usart_sync_init
 .text._usart_sync_enable
                0x000015e4       0x14 hpl/sercom/hpl_sercom.o
                0x000015e4                _usart_sync_enable
 .text._usart_sync_write_byte
                0x000015f8        0x8 hpl/sercom/hpl_sercom.o
                0x000015f8                _usart_sync_write_byte
 .text._usart_sync_read_byte
                0x00001600        0x8 hpl/sercom/hpl_sercom.o
                0x00001600                _usart_sync_read_byte
 .text._usart_sync_is_ready_to_send
                0x00001608        0xa hpl/sercom/hpl_sercom.o
                0x00001608                _usart_sync_is_ready_to_send
 .text._usart_sync_is_transmit_done
                0x00001612        0xa hpl/sercom/hpl_sercom.o
                0x00001612                _usart_sync_is_transmit_done
 .text._usart_sync_is_byte_received
                0x0000161c        0xa hpl/sercom/hpl_sercom.o
                0x0000161c                _usart_sync_is_byte_received
 *fill*         0x00001626        0x2 
 .text.__libc_init_array
                0x00001628       0x48 c:/program files (x86)/atmel/studio/7.0/toolchain/arm/arm-gnu-toolchain/bin/../lib/gcc/arm-none-eabi/6.3.1/../../../../arm-none-eabi/lib/thumb/v6-m\libc_nano.a(lib_a-init.o)
                0x00001628                __libc_init_array
 .text.memcpy   0x00001670       0x12 c:/program files (x86)/atmel/studio/7.0/toolchain/arm/arm-gnu-toolchain/bin/../lib/gcc/arm-none-eabi/6.3.1/../../../../arm-none-eabi/lib/thumb/v6-m\libc_nano.a(lib_a-memcpy-stub.o)
                0x00001670                memcpy
 .text.memset   0x00001682       0x10 c:/program files (x86)/atmel/studio/7.0/toolchain/arm/arm-gnu-toolchain/bin/../lib/gcc/arm-none-eabi/6.3.1/../../../../arm-none-eabi/lib/thumb/v6-m\libc_nano.a(lib_a-memset.o)
                0x00001682                memset
 *(.glue_7t)
 .glue_7t       0x00001692        0x0 linker stubs
 *(.glue_7)
 .glue_7        0x00001692        0x0 linker stubs
 *(.rodata .rodata* .gnu.linkonce.r.*)
 *fill*         0x00001692        0x2 
 .rodata        0x00001694       0x3c edbg_uart_example.o
 .rodata.str1.4
                0x000016d0       0x17 hal/src/hal_flash.o
 *fill*         0x000016e7        0x1 
 .rodata.str1.4
                0x000016e8       0x14 hal/src/hal_io.o
 .rodata.str1.4
                0x000016fc       0x1c hal/src/hal_usart_sync.o
 .rodata.str1.4
                0x00001718       0x1d hpl/nvmctrl/hpl_nvmctrl.o
 *fill*         0x00001735        0x3 
 .rodata.str1.4
                0x00001738       0x1c hpl/sercom/hpl_sercom.o
                                 0x1b (size before relaxing)
 *(.ARM.extab* .gnu.linkonce.armextab.*)
                0x00001754                . = ALIGN (0x4)
 *(.init)
 .init          0x00001754        0x4 c:/program files (x86)/atmel/studio/7.0/toolchain/arm/arm-gnu-toolchain/bin/../lib/gcc/arm-none-eabi/6.3.1/thumb/v6-m/crti.o
                0x00001754                _init
 .init          0x00001758        0x8 c:/program files (x86)/atmel/studio/7.0/toolchain/arm/arm-gnu-toolchain/bin/../lib/gcc/arm-none-eabi/6.3.1/thumb/v6-m/crtn.o
                0x00001760                . = ALIGN (0x4)
                0x00001760                __preinit_array_start = .
 *(.preinit_array)
                0x00001760                __preinit_array_end = .
                0x00001760                . = ALIGN (0x4)
                0x00001760                __init_array_start = .
 *(SORT(.init_array.*))
 *(.init_array)
 .init_array    0x00001760        0x4 c:/program files (x86)/atmel/studio/7.0/toolchain/arm/arm-gnu-toolchain/bin/../lib/gcc/arm-none-eabi/6.3.1/thumb/v6-m/crtbegin.o
                0x00001764                __init_array_end = .
                0x00001764                . = ALIGN (0x4)
 *crtbegin.o(.ctors)
 *(EXCLUDE_FILE(*crtend.o) .ctors)
 *(SORT(.ctors.*))
 *crtend.o(.ctors)
                0x00001764                . = ALIGN (0x4)
 *(.fini)
 .fini          0x00001764        0x4 c:/program files (x86)/atmel/studio/7.0/toolchain/arm/arm-gnu-toolchain/bin/../lib/gcc/arm-none-eabi/6.3.1/thumb/v6-m/crti.o
                0x00001764                _fini
 .fini          0x00001768        0x8 c:/program files (x86)/atmel/studio/7.0/toolchain/arm/arm-gnu-toolchain/bin/../lib/gcc/arm-none-eabi/6.3.1/thumb/v6-m/crtn.o
                0x00001770                . = ALIGN (0x4)
                0x00001770                __fini_array_start = .
 *(.fini_array)
 .fini_array    0x00001770        0x4 c:/program files (x86)/atmel/studio/7.0/toolchain/arm/arm-gnu-toolchain/bin/../lib/gcc/arm-none-eabi/6.3.1/thumb/v6-m/crtbegin.o
 *(SORT(.fini_array.*))
                0x00001774                __fini_array_end = .
 *crtbegin.o(.dtors)
 *(EXCLUDE_FILE(*crtend.o) .dtors)
 *(SORT(.dtors.*))
 *crtend.o(.dtors)
                0x00001774                . = ALIGN (0x4)
                0x00001774                _efixed = .
                [!provide]                PROVIDE (__exidx_start, .)

.vfp11_veneer   0x00001774        0x0
 .vfp11_veneer  0x00001774        0x0 linker stubs

.v4_bx          0x00001774        0x0
 .v4_bx         0x00001774        0x0 linker stubs

.iplt           0x00001774        0x0
 .iplt          0x00001774        0x0 c:/program files (x86)/atmel/studio/7.0/toolchain/arm/arm-gnu-toolchain/bin/../lib/gcc/arm-none-eabi/6.3.1/thumb/v6-m/crtbegin.o

.eh_frame       0x00001774        0x0
 .eh_frame      0x00001774        0x0 c:/program files (x86)/atmel/studio/7.0/toolchain/arm/arm-gnu-toolchain/bin/../lib/gcc/arm-none-eabi/6.3.1/thumb/v6-m/crtbegin.o

.rel.dyn        0x00001774        0x0
 .rel.iplt      0x00001774        0x0 c:/program files (x86)/atmel/studio/7.0/toolchain/arm/arm-gnu-toolchain/bin/../lib/gcc/arm-none-eabi/6.3.1/thumb/v6-m/crtbegin.o

.jcr            0x00001774        0x0
 .jcr           0x00001774        0x0 c:/program files (x86)/atmel/studio/7.0/toolchain/arm/arm-gnu-toolchain/bin/../lib/gcc/arm-none-eabi/6.3.1/thumb/v6-m/crtbegin.o

.igot.plt       0x00001774        0x0
 .igot.plt      0x00001774        0x0 c:/program files (x86)/atmel/studio/7.0/toolchain/arm/arm-gnu-toolchain/bin/../lib/gcc/arm-none-eabi/6.3.1/thumb/v6-m/crtbegin.o

.ARM.exidx
 *(.ARM.exidx* .gnu.linkonce.armexidx.*)
                [!provide]                PROVIDE (__exidx_end, .)
                0x00001774                . = ALIGN (0x4)
                0x00001774                _etext = .

.relocate       0x20000000        0x0 load address 0x00001774
                0x20000000                . = ALIGN (0x4)
                0x20000000                _srelocate = .
 *(.ramfunc .ramfunc.*)
 *(.data .data.*)
                0x20000000                . = ALIGN (0x4)
                0x20000000                _erelocate = .

.bss            0x20000000      0x3a0
                0x20000000                . = ALIGN (0x4)
                0x20000000                _sbss = .
                0x20000000                _szero = .
 *(.bss .bss.*)
 .bss           0x20000000       0x1c c:/program files (x86)/atmel/studio/7.0/toolchain/arm/arm-gnu-toolchain/bin/../lib/gcc/arm-none-eabi/6.3.1/thumb/v6-m/crtbegin.o
 .bss           0x2000001c        0x4 hal/src/hal_delay.o
 .bss           0x20000020        0x4 hpl/nvmctrl/hpl_nvmctrl.o
 *(COMMON)
 COMMON         0x20000024       0x28 driver_init.o
                0x20000024                FLASH_0
                0x20000040                EDBG_COM
 COMMON         0x2000004c      0x351 edbg_uart_example.o
                0x2000004c                ps
                0x20000054                get_ver_cmd
                0x2000005c                verify_cmd
                0x20000070                get_id_cmd
                0x20000077                msg_id
                0x20000078                head
                0x2000007c                jump_app_cmd
                0x20000088                mem_read_cmd
                0x20000098                reset_cmd
                0x200000a0                flash_read_buf
                0x20000168                sp
                0x2000016c                buf
                0x20000170                mem_write_cmd
                0x200001fc                pdata
                0x200002c4                mem_erase_cmd
                0x200002d4                test_data
                0x2000039c                pin_mode
                0x200003a0                . = ALIGN (0x4)
 *fill*         0x2000039d        0x3 
                0x200003a0                _ebss = .
                0x200003a0                _ezero = .

.stack          0x200003a0     0x2000
                0x200003a0                . = ALIGN (0x8)
                0x200003a0                _sstack = .
                0x200023a0                . = (. + STACK_SIZE)
 *fill*         0x200003a0     0x2000 
                0x200023a0                . = ALIGN (0x8)
                0x200023a0                _estack = .
                0x200023a0                . = ALIGN (0x4)
                0x200023a0                _end = .
OUTPUT(newbl.elf elf32-littlearm)

.ARM.attributes
                0x00000000       0x28
 .ARM.attributes
                0x00000000       0x1e c:/program files (x86)/atmel/studio/7.0/toolchain/arm/arm-gnu-toolchain/bin/../lib/gcc/arm-none-eabi/6.3.1/thumb/v6-m/crti.o
 .ARM.attributes
                0x0000001e       0x2c c:/program files (x86)/atmel/studio/7.0/toolchain/arm/arm-gnu-toolchain/bin/../lib/gcc/arm-none-eabi/6.3.1/thumb/v6-m/crtbegin.o
 .ARM.attributes
                0x0000004a       0x32 atmel_start.o
 .ARM.attributes
                0x0000007c       0x32 boot.o
 .ARM.attributes
                0x000000ae       0x32 Device_Startup/startup_samc21.o
 .ARM.attributes
                0x000000e0       0x32 driver_init.o
 .ARM.attributes
                0x00000112       0x32 edbg_uart_example.o
 .ARM.attributes
                0x00000144       0x32 hal/src/hal_atomic.o
 .ARM.attributes
                0x00000176       0x32 hal/src/hal_delay.o
 .ARM.attributes
                0x000001a8       0x32 hal/src/hal_flash.o
 .ARM.attributes
                0x000001da       0x32 hal/src/hal_io.o
 .ARM.attributes
                0x0000020c       0x32 hal/src/hal_usart_sync.o
 .ARM.attributes
                0x0000023e       0x32 hal/utils/src/utils_assert.o
 .ARM.attributes
                0x00000270       0x32 hpl/core/hpl_core_m0plus_base.o
 .ARM.attributes
                0x000002a2       0x32 hpl/core/hpl_init.o
 .ARM.attributes
                0x000002d4       0x32 hpl/divas/hpl_divas.o
 .ARM.attributes
                0x00000306       0x32 hpl/gclk/hpl_gclk.o
 .ARM.attributes
                0x00000338       0x32 hpl/mclk/hpl_mclk.o
 .ARM.attributes
                0x0000036a       0x32 hpl/nvmctrl/hpl_nvmctrl.o
 .ARM.attributes
                0x0000039c       0x32 hpl/osc32kctrl/hpl_osc32kctrl.o
 .ARM.attributes
                0x000003ce       0x32 hpl/oscctrl/hpl_oscctrl.o
 .ARM.attributes
                0x00000400       0x32 hpl/sercom/hpl_sercom.o
 .ARM.attributes
                0x00000432       0x2c c:/program files (x86)/atmel/studio/7.0/toolchain/arm/arm-gnu-toolchain/bin/../lib/gcc/arm-none-eabi/6.3.1/../../../../arm-none-eabi/lib/thumb/v6-m\libc_nano.a(lib_a-init.o)
 .ARM.attributes
                0x0000045e       0x2c c:/program files (x86)/atmel/studio/7.0/toolchain/arm/arm-gnu-toolchain/bin/../lib/gcc/arm-none-eabi/6.3.1/../../../../arm-none-eabi/lib/thumb/v6-m\libc_nano.a(lib_a-memcpy-stub.o)
 .ARM.attributes
                0x0000048a       0x2c c:/program files (x86)/atmel/studio/7.0/toolchain/arm/arm-gnu-toolchain/bin/../lib/gcc/arm-none-eabi/6.3.1/../../../../arm-none-eabi/lib/thumb/v6-m\libc_nano.a(lib_a-memset.o)
 .ARM.attributes
                0x000004b6       0x1e c:/program files (x86)/atmel/studio/7.0/toolchain/arm/arm-gnu-toolchain/bin/../lib/gcc/arm-none-eabi/6.3.1/thumb/v6-m/crtn.o

.comment        0x00000000       0x59
 .comment       0x00000000       0x59 atmel_start.o
                                 0x5a (size before relaxing)
 .comment       0x00000059       0x5a boot.o
 .comment       0x00000059       0x5a Device_Startup/startup_samc21.o
 .comment       0x00000059       0x5a driver_init.o
 .comment       0x00000059       0x5a edbg_uart_example.o
 .comment       0x00000059       0x5a hal/src/hal_atomic.o
 .comment       0x00000059       0x5a hal/src/hal_delay.o
 .comment       0x00000059       0x5a hal/src/hal_flash.o
 .comment       0x00000059       0x5a hal/src/hal_io.o
 .comment       0x00000059       0x5a hal/src/hal_usart_sync.o
 .comment       0x00000059       0x5a hal/utils/src/utils_assert.o
 .comment       0x00000059       0x5a hpl/core/hpl_core_m0plus_base.o
 .comment       0x00000059       0x5a hpl/core/hpl_init.o
 .comment       0x00000059       0x5a hpl/divas/hpl_divas.o
 .comment       0x00000059       0x5a hpl/gclk/hpl_gclk.o
 .comment       0x00000059       0x5a hpl/mclk/hpl_mclk.o
 .comment       0x00000059       0x5a hpl/nvmctrl/hpl_nvmctrl.o
 .comment       0x00000059       0x5a hpl/osc32kctrl/hpl_osc32kctrl.o
 .comment       0x00000059       0x5a hpl/oscctrl/hpl_oscctrl.o
 .comment       0x00000059       0x5a hpl/sercom/hpl_sercom.o

.debug_info     0x00000000    0x1d3bf
 .debug_info    0x00000000      0x345 atmel_start.o
 .debug_info    0x00000345     0x1a67 boot.o
 .debug_info    0x00001dac      0x523 Device_Startup/startup_samc21.o
 .debug_info    0x000022cf     0x44a0 driver_init.o
 .debug_info    0x0000676f     0x2daa edbg_uart_example.o
 .debug_info    0x00009519      0x1d1 hal/src/hal_atomic.o
 .debug_info    0x000096ea      0x1dc hal/src/hal_delay.o
 .debug_info    0x000098c6      0xe3a hal/src/hal_flash.o
 .debug_info    0x0000a700      0x2b2 hal/src/hal_io.o
 .debug_info    0x0000a9b2      0xc56 hal/src/hal_usart_sync.o
 .debug_info    0x0000b608      0x107 hal/utils/src/utils_assert.o
 .debug_info    0x0000b70f      0x86b hpl/core/hpl_core_m0plus_base.o
 .debug_info    0x0000bf7a      0x75c hpl/core/hpl_init.o
 .debug_info    0x0000c6d6      0x854 hpl/divas/hpl_divas.o
 .debug_info    0x0000cf2a      0x582 hpl/gclk/hpl_gclk.o
 .debug_info    0x0000d4ac      0x7c2 hpl/mclk/hpl_mclk.o
 .debug_info    0x0000dc6e     0x2dc6 hpl/nvmctrl/hpl_nvmctrl.o
 .debug_info    0x00010a34      0x770 hpl/osc32kctrl/hpl_osc32kctrl.o
 .debug_info    0x000111a4      0xdd6 hpl/oscctrl/hpl_oscctrl.o
 .debug_info    0x00011f7a     0xb445 hpl/sercom/hpl_sercom.o

.debug_abbrev   0x00000000     0x2e57
 .debug_abbrev  0x00000000       0xe3 atmel_start.o
 .debug_abbrev  0x000000e3      0x26e boot.o
 .debug_abbrev  0x00000351      0x14f Device_Startup/startup_samc21.o
 .debug_abbrev  0x000004a0      0x34e driver_init.o
 .debug_abbrev  0x000007ee      0x579 edbg_uart_example.o
 .debug_abbrev  0x00000d67      0x144 hal/src/hal_atomic.o
 .debug_abbrev  0x00000eab       0xe1 hal/src/hal_delay.o
 .debug_abbrev  0x00000f8c      0x1c5 hal/src/hal_flash.o
 .debug_abbrev  0x00001151      0x115 hal/src/hal_io.o
 .debug_abbrev  0x00001266      0x217 hal/src/hal_usart_sync.o
 .debug_abbrev  0x0000147d       0x86 hal/utils/src/utils_assert.o
 .debug_abbrev  0x00001503      0x2cd hpl/core/hpl_core_m0plus_base.o
 .debug_abbrev  0x000017d0      0x1ce hpl/core/hpl_init.o
 .debug_abbrev  0x0000199e      0x232 hpl/divas/hpl_divas.o
 .debug_abbrev  0x00001bd0      0x19a hpl/gclk/hpl_gclk.o
 .debug_abbrev  0x00001d6a      0x1ac hpl/mclk/hpl_mclk.o
 .debug_abbrev  0x00001f16      0x5d8 hpl/nvmctrl/hpl_nvmctrl.o
 .debug_abbrev  0x000024ee      0x1d1 hpl/osc32kctrl/hpl_osc32kctrl.o
 .debug_abbrev  0x000026bf      0x209 hpl/oscctrl/hpl_oscctrl.o
 .debug_abbrev  0x000028c8      0x58f hpl/sercom/hpl_sercom.o

.debug_loc      0x00000000     0xf25e
 .debug_loc     0x00000000       0x20 atmel_start.o
 .debug_loc     0x00000020     0x1b5c boot.o
 .debug_loc     0x00001b7c       0x40 Device_Startup/startup_samc21.o
 .debug_loc     0x00001bbc      0x724 driver_init.o
 .debug_loc     0x000022e0      0xc20 edbg_uart_example.o
 .debug_loc     0x00002f00       0x13 hal/src/hal_atomic.o
 .debug_loc     0x00002f13       0xc3 hal/src/hal_delay.o
 .debug_loc     0x00002fd6      0xf25 hal/src/hal_flash.o
 .debug_loc     0x00003efb      0x18a hal/src/hal_io.o
 .debug_loc     0x00004085      0x9b2 hal/src/hal_usart_sync.o
 .debug_loc     0x00004a37      0x1f7 hpl/core/hpl_core_m0plus_base.o
 .debug_loc     0x00004c2e       0x4c hpl/core/hpl_init.o
 .debug_loc     0x00004c7a      0x2a5 hpl/divas/hpl_divas.o
 .debug_loc     0x00004f1f       0x72 hpl/gclk/hpl_gclk.o
 .debug_loc     0x00004f91       0x2c hpl/mclk/hpl_mclk.o
 .debug_loc     0x00004fbd     0x217a hpl/nvmctrl/hpl_nvmctrl.o
 .debug_loc     0x00007137       0x94 hpl/osc32kctrl/hpl_osc32kctrl.o
 .debug_loc     0x000071cb       0x74 hpl/oscctrl/hpl_oscctrl.o
 .debug_loc     0x0000723f     0x801f hpl/sercom/hpl_sercom.o

.debug_aranges  0x00000000      0xb90
 .debug_aranges
                0x00000000       0x20 atmel_start.o
 .debug_aranges
                0x00000020      0x158 boot.o
 .debug_aranges
                0x00000178       0x28 Device_Startup/startup_samc21.o
 .debug_aranges
                0x000001a0       0x48 driver_init.o
 .debug_aranges
                0x000001e8       0xa0 edbg_uart_example.o
 .debug_aranges
                0x00000288       0x30 hal/src/hal_atomic.o
 .debug_aranges
                0x000002b8       0x38 hal/src/hal_delay.o
 .debug_aranges
                0x000002f0       0x90 hal/src/hal_flash.o
 .debug_aranges
                0x00000380       0x30 hal/src/hal_io.o
 .debug_aranges
                0x000003b0       0xa8 hal/src/hal_usart_sync.o
 .debug_aranges
                0x00000458       0x20 hal/utils/src/utils_assert.o
 .debug_aranges
                0x00000478       0x80 hpl/core/hpl_core_m0plus_base.o
 .debug_aranges
                0x000004f8       0x20 hpl/core/hpl_init.o
 .debug_aranges
                0x00000518       0x40 hpl/divas/hpl_divas.o
 .debug_aranges
                0x00000558       0x28 hpl/gclk/hpl_gclk.o
 .debug_aranges
                0x00000580       0x20 hpl/mclk/hpl_mclk.o
 .debug_aranges
                0x000005a0       0xe0 hpl/nvmctrl/hpl_nvmctrl.o
 .debug_aranges
                0x00000680       0x20 hpl/osc32kctrl/hpl_osc32kctrl.o
 .debug_aranges
                0x000006a0       0x28 hpl/oscctrl/hpl_oscctrl.o
 .debug_aranges
                0x000006c8      0x4c8 hpl/sercom/hpl_sercom.o

.debug_ranges   0x00000000     0x1098
 .debug_ranges  0x00000000       0x10 atmel_start.o
 .debug_ranges  0x00000010      0x148 boot.o
 .debug_ranges  0x00000158       0x18 Device_Startup/startup_samc21.o
 .debug_ranges  0x00000170       0x38 driver_init.o
 .debug_ranges  0x000001a8       0xf0 edbg_uart_example.o
 .debug_ranges  0x00000298       0x20 hal/src/hal_atomic.o
 .debug_ranges  0x000002b8       0x28 hal/src/hal_delay.o
 .debug_ranges  0x000002e0       0x80 hal/src/hal_flash.o
 .debug_ranges  0x00000360       0x20 hal/src/hal_io.o
 .debug_ranges  0x00000380       0x98 hal/src/hal_usart_sync.o
 .debug_ranges  0x00000418       0x10 hal/utils/src/utils_assert.o
 .debug_ranges  0x00000428       0x70 hpl/core/hpl_core_m0plus_base.o
 .debug_ranges  0x00000498       0x10 hpl/core/hpl_init.o
 .debug_ranges  0x000004a8       0x30 hpl/divas/hpl_divas.o
 .debug_ranges  0x000004d8       0x18 hpl/gclk/hpl_gclk.o
 .debug_ranges  0x000004f0       0x10 hpl/mclk/hpl_mclk.o
 .debug_ranges  0x00000500      0x148 hpl/nvmctrl/hpl_nvmctrl.o
 .debug_ranges  0x00000648       0x10 hpl/osc32kctrl/hpl_osc32kctrl.o
 .debug_ranges  0x00000658       0x48 hpl/oscctrl/hpl_oscctrl.o
 .debug_ranges  0x000006a0      0x9f8 hpl/sercom/hpl_sercom.o

.debug_macro    0x00000000    0x1de01
 .debug_macro   0x00000000      0x62a atmel_start.o
 .debug_macro   0x0000062a      0x89e atmel_start.o
 .debug_macro   0x00000ec8      0x16d atmel_start.o
 .debug_macro   0x00001035       0x22 atmel_start.o
 .debug_macro   0x00001057       0x87 atmel_start.o
 .debug_macro   0x000010de       0x51 atmel_start.o
 .debug_macro   0x0000112f       0xef atmel_start.o
 .debug_macro   0x0000121e       0x6a atmel_start.o
 .debug_macro   0x00001288      0x1df atmel_start.o
 .debug_macro   0x00001467       0x22 atmel_start.o
 .debug_macro   0x00001489       0x3f atmel_start.o
 .debug_macro   0x000014c8       0x1c atmel_start.o
 .debug_macro   0x000014e4       0x22 atmel_start.o
 .debug_macro   0x00001506       0xb5 atmel_start.o
 .debug_macro   0x000015bb      0x4da atmel_start.o
 .debug_macro   0x00001a95      0x11f atmel_start.o
 .debug_macro   0x00001bb4      0x897 atmel_start.o
 .debug_macro   0x0000244b      0x8c0 atmel_start.o
 .debug_macro   0x00002d0b     0x2d61 atmel_start.o
 .debug_macro   0x00005a6c      0x21e atmel_start.o
 .debug_macro   0x00005c8a      0x282 atmel_start.o
 .debug_macro   0x00005f0c      0x130 atmel_start.o
 .debug_macro   0x0000603c      0xd32 atmel_start.o
 .debug_macro   0x00006d6e      0x61f atmel_start.o
 .debug_macro   0x0000738d      0x5be atmel_start.o
 .debug_macro   0x0000794b      0x824 atmel_start.o
 .debug_macro   0x0000816f      0x172 atmel_start.o
 .debug_macro   0x000082e1      0x306 atmel_start.o
 .debug_macro   0x000085e7      0x55f atmel_start.o
 .debug_macro   0x00008b46      0x421 atmel_start.o
 .debug_macro   0x00008f67      0x21c atmel_start.o
 .debug_macro   0x00009183      0x719 atmel_start.o
 .debug_macro   0x0000989c      0x5ab atmel_start.o
 .debug_macro   0x00009e47      0x335 atmel_start.o
 .debug_macro   0x0000a17c      0x68d atmel_start.o
 .debug_macro   0x0000a809       0xc4 atmel_start.o
 .debug_macro   0x0000a8cd      0x340 atmel_start.o
 .debug_macro   0x0000ac0d       0x6a atmel_start.o
 .debug_macro   0x0000ac77     0x124b atmel_start.o
 .debug_macro   0x0000bec2      0x5a5 atmel_start.o
 .debug_macro   0x0000c467      0xfc4 atmel_start.o
 .debug_macro   0x0000d42b      0x59e atmel_start.o
 .debug_macro   0x0000d9c9      0x8ae atmel_start.o
 .debug_macro   0x0000e277     0x19be atmel_start.o
 .debug_macro   0x0000fc35      0x39c atmel_start.o
 .debug_macro   0x0000ffd1      0x36a atmel_start.o
 .debug_macro   0x0001033b       0x94 atmel_start.o
 .debug_macro   0x000103cf       0xac atmel_start.o
 .debug_macro   0x0001047b       0xac atmel_start.o
 .debug_macro   0x00010527      0x149 atmel_start.o
 .debug_macro   0x00010670      0x149 atmel_start.o
 .debug_macro   0x000107b9       0x4c atmel_start.o
 .debug_macro   0x00010805       0x58 atmel_start.o
 .debug_macro   0x0001085d       0x3a atmel_start.o
 .debug_macro   0x00010897       0xd6 atmel_start.o
 .debug_macro   0x0001096d       0xb8 atmel_start.o
 .debug_macro   0x00010a25       0x64 atmel_start.o
 .debug_macro   0x00010a89      0x5d7 atmel_start.o
 .debug_macro   0x00011060       0x4c atmel_start.o
 .debug_macro   0x000110ac      0x1be atmel_start.o
 .debug_macro   0x0001126a      0x184 atmel_start.o
 .debug_macro   0x000113ee       0x52 atmel_start.o
 .debug_macro   0x00011440       0xa0 atmel_start.o
 .debug_macro   0x000114e0       0xd6 atmel_start.o
 .debug_macro   0x000115b6       0x94 atmel_start.o
 .debug_macro   0x0001164a       0x4c atmel_start.o
 .debug_macro   0x00011696       0x64 atmel_start.o
 .debug_macro   0x000116fa       0x22 atmel_start.o
 .debug_macro   0x0001171c      0x16c atmel_start.o
 .debug_macro   0x00011888       0x2e atmel_start.o
 .debug_macro   0x000118b6       0x16 atmel_start.o
 .debug_macro   0x000118cc       0xd6 atmel_start.o
 .debug_macro   0x000119a2       0xa0 atmel_start.o
 .debug_macro   0x00011a42      0x133 atmel_start.o
 .debug_macro   0x00011b75      0x133 atmel_start.o
 .debug_macro   0x00011ca8      0x133 atmel_start.o
 .debug_macro   0x00011ddb      0x133 atmel_start.o
 .debug_macro   0x00011f0e      0x133 atmel_start.o
 .debug_macro   0x00012041      0x133 atmel_start.o
 .debug_macro   0x00012174       0x4c atmel_start.o
 .debug_macro   0x000121c0       0xfa atmel_start.o
 .debug_macro   0x000122ba       0xfa atmel_start.o
 .debug_macro   0x000123b4       0xfa atmel_start.o
 .debug_macro   0x000124ae       0xfa atmel_start.o
 .debug_macro   0x000125a8       0xfa atmel_start.o
 .debug_macro   0x000126a2      0x124 atmel_start.o
 .debug_macro   0x000127c6       0xfa atmel_start.o
 .debug_macro   0x000128c0       0xee atmel_start.o
 .debug_macro   0x000129ae       0x76 atmel_start.o
 .debug_macro   0x00012a24       0x3a atmel_start.o
 .debug_macro   0x00012a5e      0x46b atmel_start.o
 .debug_macro   0x00012ec9     0x2678 atmel_start.o
 .debug_macro   0x00015541       0x82 atmel_start.o
 .debug_macro   0x000155c3       0x10 atmel_start.o
 .debug_macro   0x000155d3       0x10 atmel_start.o
 .debug_macro   0x000155e3       0x16 atmel_start.o
 .debug_macro   0x000155f9       0x16 atmel_start.o
 .debug_macro   0x0001560f       0x16 atmel_start.o
 .debug_macro   0x00015625       0x16 atmel_start.o
 .debug_macro   0x0001563b       0x16 atmel_start.o
 .debug_macro   0x00015651       0x16 atmel_start.o
 .debug_macro   0x00015667       0x16 atmel_start.o
 .debug_macro   0x0001567d       0x16 atmel_start.o
 .debug_macro   0x00015693       0x16 atmel_start.o
 .debug_macro   0x000156a9       0x16 atmel_start.o
 .debug_macro   0x000156bf       0x16 atmel_start.o
 .debug_macro   0x000156d5       0x16 atmel_start.o
 .debug_macro   0x000156eb       0x16 atmel_start.o
 .debug_macro   0x00015701       0x16 atmel_start.o
 .debug_macro   0x00015717       0x16 atmel_start.o
 .debug_macro   0x0001572d       0x16 atmel_start.o
 .debug_macro   0x00015743       0x16 atmel_start.o
 .debug_macro   0x00015759       0x16 atmel_start.o
 .debug_macro   0x0001576f       0x16 atmel_start.o
 .debug_macro   0x00015785       0x16 atmel_start.o
 .debug_macro   0x0001579b       0x16 atmel_start.o
 .debug_macro   0x000157b1      0x262 atmel_start.o
 .debug_macro   0x00015a13       0x16 atmel_start.o
 .debug_macro   0x00015a29       0x94 atmel_start.o
 .debug_macro   0x00015abd       0x16 atmel_start.o
 .debug_macro   0x00015ad3       0xbe atmel_start.o
 .debug_macro   0x00015b91      0x28c atmel_start.o
 .debug_macro   0x00015e1d       0x16 atmel_start.o
 .debug_macro   0x00015e33       0x16 atmel_start.o
 .debug_macro   0x00015e49       0xca atmel_start.o
 .debug_macro   0x00015f13       0x1c atmel_start.o
 .debug_macro   0x00015f2f       0x16 atmel_start.o
 .debug_macro   0x00015f45       0xcf atmel_start.o
 .debug_macro   0x00016014       0x58 atmel_start.o
 .debug_macro   0x0001606c       0x6c boot.o
 .debug_macro   0x000160d8      0x23e boot.o
 .debug_macro   0x00016316      0x3ba Device_Startup/startup_samc21.o
 .debug_macro   0x000166d0       0x39 Device_Startup/startup_samc21.o
 .debug_macro   0x00016709      0x633 driver_init.o
 .debug_macro   0x00016d3c       0x28 driver_init.o
 .debug_macro   0x00016d64       0xc9 driver_init.o
 .debug_macro   0x00016e2d      0x742 edbg_uart_example.o
 .debug_macro   0x0001756f       0x58 edbg_uart_example.o
 .debug_macro   0x000175c7       0x35 edbg_uart_example.o
 .debug_macro   0x000175fc       0x9c edbg_uart_example.o
 .debug_macro   0x00017698       0x58 edbg_uart_example.o
 .debug_macro   0x000176f0       0x1f edbg_uart_example.o
 .debug_macro   0x0001770f       0x43 edbg_uart_example.o
 .debug_macro   0x00017752       0x20 edbg_uart_example.o
 .debug_macro   0x00017772      0x187 edbg_uart_example.o
 .debug_macro   0x000178f9      0x34d edbg_uart_example.o
 .debug_macro   0x00017c46       0x10 edbg_uart_example.o
 .debug_macro   0x00017c56       0x35 edbg_uart_example.o
 .debug_macro   0x00017c8b      0x53a hal/src/hal_atomic.o
 .debug_macro   0x000181c5      0x571 hal/src/hal_delay.o
 .debug_macro   0x00018736      0x56f hal/src/hal_flash.o
 .debug_macro   0x00018ca5      0x54f hal/src/hal_io.o
 .debug_macro   0x000191f4      0x57a hal/src/hal_usart_sync.o
 .debug_macro   0x0001976e      0x544 hal/utils/src/utils_assert.o
 .debug_macro   0x00019cb2       0x10 hal/utils/src/utils_assert.o
 .debug_macro   0x00019cc2      0x59a hpl/core/hpl_core_m0plus_base.o
 .debug_macro   0x0001a25c      0x5c9 hpl/core/hpl_init.o
 .debug_macro   0x0001a825       0x1c hpl/core/hpl_init.o
 .debug_macro   0x0001a841      0x772 hpl/core/hpl_init.o
 .debug_macro   0x0001afb3      0x562 hpl/divas/hpl_divas.o
 .debug_macro   0x0001b515      0x553 hpl/gclk/hpl_gclk.o
 .debug_macro   0x0001ba68      0x1f4 hpl/gclk/hpl_gclk.o
 .debug_macro   0x0001bc5c      0x54e hpl/mclk/hpl_mclk.o
 .debug_macro   0x0001c1aa      0x69c hpl/nvmctrl/hpl_nvmctrl.o
 .debug_macro   0x0001c846       0x1c hpl/nvmctrl/hpl_nvmctrl.o
 .debug_macro   0x0001c862      0x549 hpl/osc32kctrl/hpl_osc32kctrl.o
 .debug_macro   0x0001cdab       0xb8 hpl/osc32kctrl/hpl_osc32kctrl.o
 .debug_macro   0x0001ce63      0x549 hpl/oscctrl/hpl_oscctrl.o
 .debug_macro   0x0001d3ac      0x130 hpl/oscctrl/hpl_oscctrl.o
 .debug_macro   0x0001d4dc      0x79d hpl/sercom/hpl_sercom.o
 .debug_macro   0x0001dc79       0x70 hpl/sercom/hpl_sercom.o
 .debug_macro   0x0001dce9       0xba hpl/sercom/hpl_sercom.o
 .debug_macro   0x0001dda3       0x10 hpl/sercom/hpl_sercom.o
 .debug_macro   0x0001ddb3       0x1c hpl/sercom/hpl_sercom.o
 .debug_macro   0x0001ddcf       0x22 hpl/sercom/hpl_sercom.o
 .debug_macro   0x0001ddf1       0x10 hpl/sercom/hpl_sercom.o

.debug_line     0x00000000    0x10819
 .debug_line    0x00000000      0xc0d atmel_start.o
 .debug_line    0x00000c0d      0x5ff boot.o
 .debug_line    0x0000120c      0x7c3 Device_Startup/startup_samc21.o
 .debug_line    0x000019cf      0xcf6 driver_init.o
 .debug_line    0x000026c5      0xf90 edbg_uart_example.o
 .debug_line    0x00003655      0xaf2 hal/src/hal_atomic.o
 .debug_line    0x00004147      0xb1d hal/src/hal_delay.o
 .debug_line    0x00004c64      0xd5b hal/src/hal_flash.o
 .debug_line    0x000059bf      0xb06 hal/src/hal_io.o
 .debug_line    0x000064c5      0xcde hal/src/hal_usart_sync.o
 .debug_line    0x000071a3      0xabc hal/utils/src/utils_assert.o
 .debug_line    0x00007c5f      0xc8c hpl/core/hpl_core_m0plus_base.o
 .debug_line    0x000088eb      0xba9 hpl/core/hpl_init.o
 .debug_line    0x00009494      0xbc4 hpl/divas/hpl_divas.o
 .debug_line    0x0000a058      0xb0e hpl/gclk/hpl_gclk.o
 .debug_line    0x0000ab66      0xae4 hpl/mclk/hpl_mclk.o
 .debug_line    0x0000b64a     0x11fe hpl/nvmctrl/hpl_nvmctrl.o
 .debug_line    0x0000c848      0xaf9 hpl/osc32kctrl/hpl_osc32kctrl.o
 .debug_line    0x0000d341      0xb4b hpl/oscctrl/hpl_oscctrl.o
 .debug_line    0x0000de8c     0x298d hpl/sercom/hpl_sercom.o

.debug_str      0x00000000    0x97bc5
 .debug_str     0x00000000    0x89581 atmel_start.o
                              0x8a0fb (size before relaxing)
 .debug_str     0x00089581      0xe6a boot.o
                               0x425f (size before relaxing)
 .debug_str     0x0008a3eb      0x3e2 Device_Startup/startup_samc21.o
                              0x84cc2 (size before relaxing)
 .debug_str     0x0008a7cd     0x158e driver_init.o
                              0x8b759 (size before relaxing)
 .debug_str     0x0008bd5b     0x30fe edbg_uart_example.o
                              0x8e1f4 (size before relaxing)
 .debug_str     0x0008ee59       0x7e hal/src/hal_atomic.o
                              0x89433 (size before relaxing)
 .debug_str     0x0008eed7       0x92 hal/src/hal_delay.o
                              0x8949d (size before relaxing)
 .debug_str     0x0008ef69      0x191 hal/src/hal_flash.o
                              0x89c6b (size before relaxing)
 .debug_str     0x0008f0fa       0x2c hal/src/hal_io.o
                              0x894e0 (size before relaxing)
 .debug_str     0x0008f126      0x48d hal/src/hal_usart_sync.o
                              0x89f80 (size before relaxing)
 .debug_str     0x0008f5b3       0x2a hal/utils/src/utils_assert.o
                              0x89443 (size before relaxing)
 .debug_str     0x0008f5dd      0x2df hpl/core/hpl_core_m0plus_base.o
                              0x89e64 (size before relaxing)
 .debug_str     0x0008f8bc     0x1968 hpl/core/hpl_init.o
                              0x8b92c (size before relaxing)
 .debug_str     0x00091224      0x27b hpl/divas/hpl_divas.o
                              0x896b4 (size before relaxing)
 .debug_str     0x0009149f      0x830 hpl/gclk/hpl_gclk.o
                              0x89d8d (size before relaxing)
 .debug_str     0x00091ccf       0x47 hpl/mclk/hpl_mclk.o
                              0x89795 (size before relaxing)
 .debug_str     0x00091d16      0x912 hpl/nvmctrl/hpl_nvmctrl.o
                              0x8d4da (size before relaxing)
 .debug_str     0x00092628      0x528 hpl/osc32kctrl/hpl_osc32kctrl.o
                              0x89953 (size before relaxing)
 .debug_str     0x00092b50      0x8da hpl/oscctrl/hpl_oscctrl.o
                              0x89d72 (size before relaxing)
 .debug_str     0x0009342a     0x479b hpl/sercom/hpl_sercom.o
                              0x8f081 (size before relaxing)

.debug_frame    0x00000000     0x1f74
 .debug_frame   0x00000000       0x28 atmel_start.o
 .debug_frame   0x00000028      0x448 boot.o
 .debug_frame   0x00000470       0x38 Device_Startup/startup_samc21.o
 .debug_frame   0x000004a8       0x9c driver_init.o
 .debug_frame   0x00000544      0x1f8 edbg_uart_example.o
 .debug_frame   0x0000073c       0x40 hal/src/hal_atomic.o
 .debug_frame   0x0000077c       0x68 hal/src/hal_delay.o
 .debug_frame   0x000007e4      0x1c4 hal/src/hal_flash.o
 .debug_frame   0x000009a8       0x58 hal/src/hal_io.o
 .debug_frame   0x00000a00      0x200 hal/src/hal_usart_sync.o
 .debug_frame   0x00000c00       0x20 hal/utils/src/utils_assert.o
 .debug_frame   0x00000c20       0xfc hpl/core/hpl_core_m0plus_base.o
 .debug_frame   0x00000d1c       0x28 hpl/core/hpl_init.o
 .debug_frame   0x00000d44       0x90 hpl/divas/hpl_divas.o
 .debug_frame   0x00000dd4       0x30 hpl/gclk/hpl_gclk.o
 .debug_frame   0x00000e04       0x20 hpl/mclk/hpl_mclk.o
 .debug_frame   0x00000e24      0x2b0 hpl/nvmctrl/hpl_nvmctrl.o
 .debug_frame   0x000010d4       0x20 hpl/osc32kctrl/hpl_osc32kctrl.o
 .debug_frame   0x000010f4       0x30 hpl/oscctrl/hpl_oscctrl.o
 .debug_frame   0x00001124      0xddc hpl/sercom/hpl_sercom.o
 .debug_frame   0x00001f00       0x2c c:/program files (x86)/atmel/studio/7.0/toolchain/arm/arm-gnu-toolchain/bin/../lib/gcc/arm-none-eabi/6.3.1/../../../../arm-none-eabi/lib/thumb/v6-m\libc_nano.a(lib_a-init.o)
 .debug_frame   0x00001f2c       0x28 c:/program files (x86)/atmel/studio/7.0/toolchain/arm/arm-gnu-toolchain/bin/../lib/gcc/arm-none-eabi/6.3.1/../../../../arm-none-eabi/lib/thumb/v6-m\libc_nano.a(lib_a-memcpy-stub.o)
 .debug_frame   0x00001f54       0x20 c:/program files (x86)/atmel/studio/7.0/toolchain/arm/arm-gnu-toolchain/bin/../lib/gcc/arm-none-eabi/6.3.1/../../../../arm-none-eabi/lib/thumb/v6-m\libc_nano.a(lib_a-memset.o)
